2026-09-30T10:16:15.102-0500 [DEBUG] [org.gradle.launcher.daemon.bootstrap.DaemonMain] Assuming the daemon was started with following jvm opts: [-XX:MaxMetaspaceSize=384m, -XX:+HeapDumpOnOutOfMemoryError, -Xms256m, -Xmx512m, -Dfile.encoding=UTF-8, -Duser.country=US, -Duser.language=en, -Duser.variant]
2026-09-30T10:16:15.285-0500 [DEBUG] [org.gradle.internal.remote.internal.inet.InetAddresses] Adding IP addresses for network interface WAN Miniport (IP)-WFP Native MAC Layer LightWeight Filter-0000
2026-09-30T10:16:15.287-0500 [DEBUG] [org.gradle.internal.remote.internal.inet.InetAddresses] Is this a loopback interface? false
2026-09-30T10:16:15.290-0500 [DEBUG] [org.gradle.internal.remote.internal.inet.InetAddresses] Adding IP addresses for network interface WAN Miniport (IP)-QoS Packet Scheduler-0000
2026-09-30T10:16:15.291-0500 [DEBUG] [org.gradle.internal.remote.internal.inet.InetAddresses] Is this a loopback interface? false
2026-09-30T10:16:15.292-0500 [DEBUG] [org.gradle.internal.remote.internal.inet.InetAddresses] Adding IP addresses for network interface WAN Miniport (IPv6)-WFP Native MAC Layer LightWeight Filter-0000
2026-09-30T10:16:15.293-0500 [DEBUG] [org.gradle.internal.remote.internal.inet.InetAddresses] Is this a loopback interface? false
2026-09-30T10:16:15.294-0500 [DEBUG] [org.gradle.internal.remote.internal.inet.InetAddresses] Adding IP addresses for network interface WAN Miniport (IPv6)-QoS Packet Scheduler-0000
2026-09-30T10:16:15.295-0500 [DEBUG] [org.gradle.internal.remote.internal.inet.InetAddresses] Is this a loopback interface? false
2026-09-30T10:16:15.296-0500 [DEBUG] [org.gradle.internal.remote.internal.inet.InetAddresses] Adding IP addresses for network interface WAN Miniport (Network Monitor)-WFP Native MAC Layer LightWeight Filter-0000
2026-09-30T10:16:15.297-0500 [DEBUG] [org.gradle.internal.remote.internal.inet.InetAddresses] Is this a loopback interface? false
2026-09-30T10:16:15.298-0500 [DEBUG] [org.gradle.internal.remote.internal.inet.InetAddresses] Adding IP addresses for network interface Realtek PCIe GbE Family Controller-WFP Native MAC Layer LightWeight Filter-0000
2026-09-30T10:16:15.300-0500 [DEBUG] [org.gradle.internal.remote.internal.inet.InetAddresses] Is this a loopback interface? false
2026-09-30T10:16:15.301-0500 [DEBUG] [org.gradle.internal.remote.internal.inet.InetAddresses] Adding IP addresses for network interface Realtek PCIe GbE Family Controller-QoS Packet Scheduler-0000
2026-09-30T10:16:15.302-0500 [DEBUG] [org.gradle.internal.remote.internal.inet.InetAddresses] Is this a loopback interface? false
2026-09-30T10:16:15.303-0500 [DEBUG] [org.gradle.internal.remote.internal.inet.InetAddresses] Adding IP addresses for network interface Realtek PCIe GbE Family Controller-WFP 802.3 MAC Layer LightWeight Filter-0000
2026-09-30T10:16:15.304-0500 [DEBUG] [org.gradle.internal.remote.internal.inet.InetAddresses] Is this a loopback interface? false
2026-09-30T10:16:15.305-0500 [DEBUG] [org.gradle.internal.remote.internal.inet.InetAddresses] Adding IP addresses for network interface WAN Miniport (Network Monitor)-QoS Packet Scheduler-0000
2026-09-30T10:16:15.305-0500 [DEBUG] [org.gradle.internal.remote.internal.inet.InetAddresses] Is this a loopback interface? false
2026-09-30T10:16:15.306-0500 [DEBUG] [org.gradle.internal.remote.internal.inet.InetAddresses] Adding IP addresses for network interface Hyper-V Virtual Switch Extension Adapter-Hyper-V Virtual Switch Extension Filter-0000
2026-09-30T10:16:15.307-0500 [DEBUG] [org.gradle.internal.remote.internal.inet.InetAddresses] Is this a loopback interface? false
2026-09-30T10:16:15.307-0500 [DEBUG] [org.gradle.internal.remote.internal.inet.InetAddresses] Adding IP addresses for network interface Hyper-V Virtual Switch Extension Adapter-Virtual Filtering Platform VMSwitch Extension-0000
2026-09-30T10:16:15.308-0500 [DEBUG] [org.gradle.internal.remote.internal.inet.InetAddresses] Is this a loopback interface? false
2026-09-30T10:16:15.309-0500 [DEBUG] [org.gradle.internal.remote.internal.inet.InetAddresses] Adding IP addresses for network interface Hyper-V Virtual Ethernet Adapter-WFP Native MAC Layer LightWeight Filter-0000
2026-09-30T10:16:15.310-0500 [DEBUG] [org.gradle.internal.remote.internal.inet.InetAddresses] Is this a loopback interface? false
2026-09-30T10:16:15.310-0500 [DEBUG] [org.gradle.internal.remote.internal.inet.InetAddresses] Adding IP addresses for network interface Hyper-V Virtual Ethernet Adapter-QoS Packet Scheduler-0000
2026-09-30T10:16:15.311-0500 [DEBUG] [org.gradle.internal.remote.internal.inet.InetAddresses] Is this a loopback interface? false
2026-09-30T10:16:15.311-0500 [DEBUG] [org.gradle.internal.remote.internal.inet.InetAddresses] Adding IP addresses for network interface Hyper-V Virtual Ethernet Adapter-WFP 802.3 MAC Layer LightWeight Filter-0000
2026-09-30T10:16:15.312-0500 [DEBUG] [org.gradle.internal.remote.internal.inet.InetAddresses] Is this a loopback interface? false
2026-09-30T10:16:15.313-0500 [DEBUG] [org.gradle.internal.remote.internal.inet.InetAddresses] Adding IP addresses for network interface Microsoft Kernel Debug Network Adapter
2026-09-30T10:16:15.314-0500 [DEBUG] [org.gradle.internal.remote.internal.inet.InetAddresses] Is this a loopback interface? false
2026-09-30T10:16:15.314-0500 [DEBUG] [org.gradle.internal.remote.internal.inet.InetAddresses] Adding IP addresses for network interface Realtek PCIe GbE Family Controller
2026-09-30T10:16:15.315-0500 [DEBUG] [org.gradle.internal.remote.internal.inet.InetAddresses] Is this a loopback interface? false
2026-09-30T10:16:15.316-0500 [DEBUG] [org.gradle.internal.remote.internal.inet.InetAddresses] Adding remote address /fe80:0:0:0:9da4:ff7e:ae67:59a2%ethernet_32769
2026-09-30T10:16:15.316-0500 [DEBUG] [org.gradle.internal.remote.internal.inet.InetAddresses] Adding remote address /fd00:88de:7cb0:3582:f1f7:28e:2be:1210
2026-09-30T10:16:15.317-0500 [DEBUG] [org.gradle.internal.remote.internal.inet.InetAddresses] Adding remote address /fd00:88de:7cb0:3582:2575:f18a:6338:726c
2026-09-30T10:16:15.317-0500 [DEBUG] [org.gradle.internal.remote.internal.inet.InetAddresses] Adding remote address /2600:6c56:b6f0:b9c0:f1f7:28e:2be:1210
2026-09-30T10:16:15.318-0500 [DEBUG] [org.gradle.internal.remote.internal.inet.InetAddresses] Adding remote address /2600:6c56:b6f0:b9c0:f40:4520:1fa7:1b5e
2026-09-30T10:16:15.318-0500 [DEBUG] [org.gradle.internal.remote.internal.inet.InetAddresses] Adding remote address /2600:6c56:b6f0:b9c0:0:0:0:1d6c
2026-09-30T10:16:15.319-0500 [DEBUG] [org.gradle.internal.remote.internal.inet.InetAddresses] Adding remote address /192.168.1.182
2026-09-30T10:16:15.319-0500 [DEBUG] [org.gradle.internal.remote.internal.inet.InetAddresses] Adding IP addresses for network interface Bluetooth Device (Personal Area Network)
2026-09-30T10:16:15.320-0500 [DEBUG] [org.gradle.internal.remote.internal.inet.InetAddresses] Is this a loopback interface? false
2026-09-30T10:16:15.320-0500 [DEBUG] [org.gradle.internal.remote.internal.inet.InetAddresses] Adding remote address /fe80:0:0:0:2c6c:8c65:f792:831b%ethernet_32770
2026-09-30T10:16:15.321-0500 [DEBUG] [org.gradle.internal.remote.internal.inet.InetAddresses] Adding IP addresses for network interface WAN Miniport (IP)
2026-09-30T10:16:15.321-0500 [DEBUG] [org.gradle.internal.remote.internal.inet.InetAddresses] Is this a loopback interface? false
2026-09-30T10:16:15.321-0500 [DEBUG] [org.gradle.internal.remote.internal.inet.InetAddresses] Adding IP addresses for network interface WAN Miniport (IPv6)
2026-09-30T10:16:15.322-0500 [DEBUG] [org.gradle.internal.remote.internal.inet.InetAddresses] Is this a loopback interface? false
2026-09-30T10:16:15.322-0500 [DEBUG] [org.gradle.internal.remote.internal.inet.InetAddresses] Adding IP addresses for network interface WAN Miniport (Network Monitor)
2026-09-30T10:16:15.323-0500 [DEBUG] [org.gradle.internal.remote.internal.inet.InetAddresses] Is this a loopback interface? false
2026-09-30T10:16:15.323-0500 [DEBUG] [org.gradle.internal.remote.internal.inet.InetAddresses] Adding IP addresses for network interface Remote NDIS based Internet Sharing Device #2
2026-09-30T10:16:15.323-0500 [DEBUG] [org.gradle.internal.remote.internal.inet.InetAddresses] Is this a loopback interface? false
2026-09-30T10:16:15.324-0500 [DEBUG] [org.gradle.internal.remote.internal.inet.InetAddresses] Adding IP addresses for network interface UsbNcm Host Device
2026-09-30T10:16:15.324-0500 [DEBUG] [org.gradle.internal.remote.internal.inet.InetAddresses] Is this a loopback interface? false
2026-09-30T10:16:15.324-0500 [DEBUG] [org.gradle.internal.remote.internal.inet.InetAddresses] Adding IP addresses for network interface Hyper-V Virtual Switch Extension Adapter
2026-09-30T10:16:15.325-0500 [DEBUG] [org.gradle.internal.remote.internal.inet.InetAddresses] Is this a loopback interface? false
2026-09-30T10:16:15.325-0500 [DEBUG] [org.gradle.internal.remote.internal.inet.InetAddresses] Adding IP addresses for network interface SAMSUNG Mobile USB Remote NDIS Network Device
2026-09-30T10:16:15.325-0500 [DEBUG] [org.gradle.internal.remote.internal.inet.InetAddresses] Is this a loopback interface? false
2026-09-30T10:16:15.326-0500 [DEBUG] [org.gradle.internal.remote.internal.inet.InetAddresses] Adding IP addresses for network interface Hyper-V Virtual Ethernet Adapter
2026-09-30T10:16:15.326-0500 [DEBUG] [org.gradle.internal.remote.internal.inet.InetAddresses] Is this a loopback interface? false
2026-09-30T10:16:15.326-0500 [DEBUG] [org.gradle.internal.remote.internal.inet.InetAddresses] Adding remote address /fe80:0:0:0:f4be:f170:3505:b5c7%ethernet_32778
2026-09-30T10:16:15.327-0500 [DEBUG] [org.gradle.internal.remote.internal.inet.InetAddresses] Adding remote address /172.24.176.1
2026-09-30T10:16:15.327-0500 [DEBUG] [org.gradle.internal.remote.internal.inet.InetAddresses] Adding IP addresses for network interface WAN Miniport (PPPOE)
2026-09-30T10:16:15.328-0500 [DEBUG] [org.gradle.internal.remote.internal.inet.InetAddresses] Is this a loopback interface? false
2026-09-30T10:16:15.329-0500 [DEBUG] [org.gradle.internal.remote.internal.inet.InetAddresses] Adding IP addresses for network interface RAS Async Adapter
2026-09-30T10:16:15.331-0500 [DEBUG] [org.gradle.internal.remote.internal.inet.InetAddresses] Is this a loopback interface? false
2026-09-30T10:16:15.331-0500 [DEBUG] [org.gradle.internal.remote.internal.inet.InetAddresses] Adding IP addresses for network interface Software Loopback Interface 1
2026-09-30T10:16:15.332-0500 [DEBUG] [org.gradle.internal.remote.internal.inet.InetAddresses] Is this a loopback interface? true
2026-09-30T10:16:15.332-0500 [DEBUG] [org.gradle.internal.remote.internal.inet.InetAddresses] Adding loopback address /0:0:0:0:0:0:0:1
2026-09-30T10:16:15.332-0500 [DEBUG] [org.gradle.internal.remote.internal.inet.InetAddresses] Adding loopback address /127.0.0.1
2026-09-30T10:16:15.332-0500 [DEBUG] [org.gradle.internal.remote.internal.inet.InetAddresses] Adding IP addresses for network interface Intel(R) Dual Band Wireless-AC 3168-WFP Native MAC Layer LightWeight Filter-0000
2026-09-30T10:16:15.333-0500 [DEBUG] [org.gradle.internal.remote.internal.inet.InetAddresses] Is this a loopback interface? false
2026-09-30T10:16:15.334-0500 [DEBUG] [org.gradle.internal.remote.internal.inet.InetAddresses] Adding IP addresses for network interface Intel(R) Dual Band Wireless-AC 3168-Virtual WiFi Filter Driver-0000
2026-09-30T10:16:15.334-0500 [DEBUG] [org.gradle.internal.remote.internal.inet.InetAddresses] Is this a loopback interface? false
2026-09-30T10:16:15.334-0500 [DEBUG] [org.gradle.internal.remote.internal.inet.InetAddresses] Adding IP addresses for network interface Intel(R) Dual Band Wireless-AC 3168-Native WiFi Filter Driver-0000
2026-09-30T10:16:15.335-0500 [DEBUG] [org.gradle.internal.remote.internal.inet.InetAddresses] Is this a loopback interface? false
2026-09-30T10:16:15.336-0500 [DEBUG] [org.gradle.internal.remote.internal.inet.InetAddresses] Adding IP addresses for network interface Intel(R) Dual Band Wireless-AC 3168-QoS Packet Scheduler-0000
2026-09-30T10:16:15.336-0500 [DEBUG] [org.gradle.internal.remote.internal.inet.InetAddresses] Is this a loopback interface? false
2026-09-30T10:16:15.337-0500 [DEBUG] [org.gradle.internal.remote.internal.inet.InetAddresses] Adding IP addresses for network interface Intel(R) Dual Band Wireless-AC 3168-WFP 802.3 MAC Layer LightWeight Filter-0000
2026-09-30T10:16:15.337-0500 [DEBUG] [org.gradle.internal.remote.internal.inet.InetAddresses] Is this a loopback interface? false
2026-09-30T10:16:15.338-0500 [DEBUG] [org.gradle.internal.remote.internal.inet.InetAddresses] Adding IP addresses for network interface Microsoft Wi-Fi Direct Virtual Adapter-WFP Native MAC Layer LightWeight Filter-0000
2026-09-30T10:16:15.338-0500 [DEBUG] [org.gradle.internal.remote.internal.inet.InetAddresses] Is this a loopback interface? false
2026-09-30T10:16:15.338-0500 [DEBUG] [org.gradle.internal.remote.internal.inet.InetAddresses] Adding IP addresses for network interface Microsoft Wi-Fi Direct Virtual Adapter-Native WiFi Filter Driver-0000
2026-09-30T10:16:15.339-0500 [DEBUG] [org.gradle.internal.remote.internal.inet.InetAddresses] Is this a loopback interface? false
2026-09-30T10:16:15.339-0500 [DEBUG] [org.gradle.internal.remote.internal.inet.InetAddresses] Adding IP addresses for network interface Microsoft Wi-Fi Direct Virtual Adapter-QoS Packet Scheduler-0000
2026-09-30T10:16:15.339-0500 [DEBUG] [org.gradle.internal.remote.internal.inet.InetAddresses] Is this a loopback interface? false
2026-09-30T10:16:15.340-0500 [DEBUG] [org.gradle.internal.remote.internal.inet.InetAddresses] Adding IP addresses for network interface Microsoft Wi-Fi Direct Virtual Adapter-WFP 802.3 MAC Layer LightWeight Filter-0000
2026-09-30T10:16:15.340-0500 [DEBUG] [org.gradle.internal.remote.internal.inet.InetAddresses] Is this a loopback interface? false
2026-09-30T10:16:15.340-0500 [DEBUG] [org.gradle.internal.remote.internal.inet.InetAddresses] Adding IP addresses for network interface Microsoft Wi-Fi Direct Virtual Adapter #2-WFP Native MAC Layer LightWeight Filter-0000
2026-09-30T10:16:15.341-0500 [DEBUG] [org.gradle.internal.remote.internal.inet.InetAddresses] Is this a loopback interface? false
2026-09-30T10:16:15.341-0500 [DEBUG] [org.gradle.internal.remote.internal.inet.InetAddresses] Adding IP addresses for network interface Microsoft Wi-Fi Direct Virtual Adapter #2-Native WiFi Filter Driver-0000
2026-09-30T10:16:15.342-0500 [DEBUG] [org.gradle.internal.remote.internal.inet.InetAddresses] Is this a loopback interface? false
2026-09-30T10:16:15.342-0500 [DEBUG] [org.gradle.internal.remote.internal.inet.InetAddresses] Adding IP addresses for network interface Microsoft Wi-Fi Direct Virtual Adapter #2-QoS Packet Scheduler-0000
2026-09-30T10:16:15.343-0500 [DEBUG] [org.gradle.internal.remote.internal.inet.InetAddresses] Is this a loopback interface? false
2026-09-30T10:16:15.343-0500 [DEBUG] [org.gradle.internal.remote.internal.inet.InetAddresses] Adding IP addresses for network interface Microsoft Wi-Fi Direct Virtual Adapter #2-WFP 802.3 MAC Layer LightWeight Filter-0000
2026-09-30T10:16:15.343-0500 [DEBUG] [org.gradle.internal.remote.internal.inet.InetAddresses] Is this a loopback interface? false
2026-09-30T10:16:15.343-0500 [DEBUG] [org.gradle.internal.remote.internal.inet.InetAddresses] Adding IP addresses for network interface Intel(R) Dual Band Wireless-AC 3168
2026-09-30T10:16:15.344-0500 [DEBUG] [org.gradle.internal.remote.internal.inet.InetAddresses] Is this a loopback interface? false
2026-09-30T10:16:15.344-0500 [DEBUG] [org.gradle.internal.remote.internal.inet.InetAddresses] Adding remote address /fe80:0:0:0:1821:36be:7a53:efbe%wireless_32768
2026-09-30T10:16:15.344-0500 [DEBUG] [org.gradle.internal.remote.internal.inet.InetAddresses] Adding IP addresses for network interface Microsoft Wi-Fi Direct Virtual Adapter
2026-09-30T10:16:15.345-0500 [DEBUG] [org.gradle.internal.remote.internal.inet.InetAddresses] Is this a loopback interface? false
2026-09-30T10:16:15.345-0500 [DEBUG] [org.gradle.internal.remote.internal.inet.InetAddresses] Adding remote address /fe80:0:0:0:b8f6:7e7a:8f27:b30d%wireless_32769
2026-09-30T10:16:15.345-0500 [DEBUG] [org.gradle.internal.remote.internal.inet.InetAddresses] Adding IP addresses for network interface Microsoft Wi-Fi Direct Virtual Adapter #2
2026-09-30T10:16:15.345-0500 [DEBUG] [org.gradle.internal.remote.internal.inet.InetAddresses] Is this a loopback interface? false
2026-09-30T10:16:15.346-0500 [DEBUG] [org.gradle.internal.remote.internal.inet.InetAddresses] Adding remote address /fe80:0:0:0:3724:285c:d095:c5df%wireless_32770
2026-09-30T10:16:15.346-0500 [DEBUG] [org.gradle.internal.remote.internal.inet.InetAddresses] Adding IP addresses for network interface Microsoft Teredo Tunneling Adapter
2026-09-30T10:16:15.346-0500 [DEBUG] [org.gradle.internal.remote.internal.inet.InetAddresses] Is this a loopback interface? false
2026-09-30T10:16:15.346-0500 [DEBUG] [org.gradle.internal.remote.internal.inet.InetAddresses] Adding IP addresses for network interface Microsoft IP-HTTPS Platform Adapter
2026-09-30T10:16:15.347-0500 [DEBUG] [org.gradle.internal.remote.internal.inet.InetAddresses] Is this a loopback interface? false
2026-09-30T10:16:15.347-0500 [DEBUG] [org.gradle.internal.remote.internal.inet.InetAddresses] Adding IP addresses for network interface Microsoft 6to4 Adapter
2026-09-30T10:16:15.347-0500 [DEBUG] [org.gradle.internal.remote.internal.inet.InetAddresses] Is this a loopback interface? false
2026-09-30T10:16:15.348-0500 [DEBUG] [org.gradle.internal.remote.internal.inet.InetAddresses] Adding IP addresses for network interface WAN Miniport (SSTP)
2026-09-30T10:16:15.348-0500 [DEBUG] [org.gradle.internal.remote.internal.inet.InetAddresses] Is this a loopback interface? false
2026-09-30T10:16:15.349-0500 [DEBUG] [org.gradle.internal.remote.internal.inet.InetAddresses] Adding IP addresses for network interface WAN Miniport (IKEv2)
2026-09-30T10:16:15.350-0500 [DEBUG] [org.gradle.internal.remote.internal.inet.InetAddresses] Is this a loopback interface? false
2026-09-30T10:16:15.350-0500 [DEBUG] [org.gradle.internal.remote.internal.inet.InetAddresses] Adding IP addresses for network interface WAN Miniport (L2TP)
2026-09-30T10:16:15.350-0500 [DEBUG] [org.gradle.internal.remote.internal.inet.InetAddresses] Is this a loopback interface? false
2026-09-30T10:16:15.351-0500 [DEBUG] [org.gradle.internal.remote.internal.inet.InetAddresses] Adding IP addresses for network interface WAN Miniport (PPTP)
2026-09-30T10:16:15.351-0500 [DEBUG] [org.gradle.internal.remote.internal.inet.InetAddresses] Is this a loopback interface? false
2026-09-30T10:16:15.411-0500 [INFO] [org.gradle.launcher.daemon.server.Daemon] start() called on daemon - DefaultDaemonContext[uid=b4c10b4b-0e09-4a21-b3d3-378ef0b006ba,javaHome=C:\Program Files\Amazon Corretto\jdk25.0.3_9,javaVersion=25,javaVendor=Amazon.com Inc.,daemonRegistryDir=D:\Server\aethercore\.gradle-user-home\daemon,pid=27020,idleTimeout=120000,priority=NORMAL,applyInstrumentationAgent=true,nativeServicesMode=ENABLED,daemonOpts=-XX:MaxMetaspaceSize=384m,-XX:+HeapDumpOnOutOfMemoryError,-Xms256m,-Xmx512m,-Dfile.encoding=UTF-8,-Duser.country=US,-Duser.language=en,-Duser.variant]
2026-09-30T10:16:15.465-0500 [DEBUG] [org.gradle.internal.remote.internal.inet.TcpIncomingConnector] Listening on [47ec87a0-66bf-415d-83fb-ed0920551fba port:57377, addresses:[localhost/127.0.0.1]].
2026-09-30T10:16:15.472-0500 [DEBUG] [org.gradle.launcher.daemon.server.Daemon] Daemon starting at: Wed Sep 30 10:16:15 CDT 2026, with address: [47ec87a0-66bf-415d-83fb-ed0920551fba port:57377, addresses:[localhost/127.0.0.1]]
2026-09-30T10:16:15.472-0500 [INFO] [org.gradle.launcher.daemon.server.DaemonRegistryUpdater] Advertising the daemon address to the clients: [47ec87a0-66bf-415d-83fb-ed0920551fba port:57377, addresses:[localhost/127.0.0.1]]
2026-09-30T10:16:15.472-0500 [DEBUG] [org.gradle.launcher.daemon.server.DaemonRegistryUpdater] Advertised daemon context: DefaultDaemonContext[uid=b4c10b4b-0e09-4a21-b3d3-378ef0b006ba,javaHome=C:\Program Files\Amazon Corretto\jdk25.0.3_9,javaVersion=25,javaVendor=Amazon.com Inc.,daemonRegistryDir=D:\Server\aethercore\.gradle-user-home\daemon,pid=27020,idleTimeout=120000,priority=NORMAL,applyInstrumentationAgent=true,nativeServicesMode=ENABLED,daemonOpts=-XX:MaxMetaspaceSize=384m,-XX:+HeapDumpOnOutOfMemoryError,-Xms256m,-Xmx512m,-Dfile.encoding=UTF-8,-Duser.country=US,-Duser.language=en,-Duser.variant]
2026-09-30T10:16:15.473-0500 [DEBUG] [org.gradle.launcher.daemon.registry.PersistentDaemonRegistry] Storing daemon address: [47ec87a0-66bf-415d-83fb-ed0920551fba port:57377, addresses:[localhost/127.0.0.1]], context: DefaultDaemonContext[uid=b4c10b4b-0e09-4a21-b3d3-378ef0b006ba,javaHome=C:\Program Files\Amazon Corretto\jdk25.0.3_9,javaVersion=25,javaVendor=Amazon.com Inc.,daemonRegistryDir=D:\Server\aethercore\.gradle-user-home\daemon,pid=27020,idleTimeout=120000,priority=NORMAL,applyInstrumentationAgent=true,nativeServicesMode=ENABLED,daemonOpts=-XX:MaxMetaspaceSize=384m,-XX:+HeapDumpOnOutOfMemoryError,-Xms256m,-Xmx512m,-Dfile.encoding=UTF-8,-Duser.country=US,-Duser.language=en,-Duser.variant]
2026-09-30T10:16:15.488-0500 [DEBUG] [org.gradle.cache.internal.DefaultFileLockManager] Waiting to acquire exclusive lock on daemon addresses registry.
2026-09-30T10:16:15.492-0500 [DEBUG] [org.gradle.cache.internal.DefaultFileLockManager] Lock acquired on daemon addresses registry.
2026-09-30T10:16:15.498-0500 [DEBUG] [org.gradle.cache.internal.DefaultFileLockManager] Releasing lock on daemon addresses registry.
2026-09-30T10:16:15.499-0500 [LIFECYCLE] [org.gradle.launcher.daemon.server.Daemon] Daemon server started.
2026-09-30T10:16:15.512-0500 [DEBUG] [org.gradle.launcher.daemon.server.Daemon] stopOnExpiration() called on daemon
2026-09-30T10:16:15.514-0500 [DEBUG] [org.gradle.launcher.daemon.server.Daemon] awaitExpiration() called on daemon
2026-09-30T10:16:15.514-0500 [DEBUG] [org.gradle.launcher.daemon.server.DaemonStateCoordinator] daemon is running. Sleeping until state changes.
2026-09-30T10:16:15.536-0500 [DEBUG] [org.gradle.internal.remote.internal.inet.TcpIncomingConnector] Accepted connection from /127.0.0.1:57378 to /127.0.0.1:57377.
2026-09-30T10:16:15.594-0500 [DEBUG] [org.gradle.launcher.daemon.server.SynchronizedDispatchConnection] thread 38: received class org.gradle.launcher.daemon.protocol.Build
2026-09-30T10:16:15.595-0500 [DEBUG] [org.gradle.launcher.daemon.server.DefaultDaemonConnection] thread 38: Received non-IO message from client: Build{id=40bfd9b5-5873-4097-be34-c02a980e806a, currentDir=D:\Server\aethercore}
2026-09-30T10:16:15.595-0500 [INFO] [org.gradle.launcher.daemon.server.DefaultIncomingConnectionHandler] Received command: Build{id=40bfd9b5-5873-4097-be34-c02a980e806a, currentDir=D:\Server\aethercore}.
2026-09-30T10:16:15.595-0500 [DEBUG] [org.gradle.launcher.daemon.server.DefaultIncomingConnectionHandler] Starting executing command: Build{id=40bfd9b5-5873-4097-be34-c02a980e806a, currentDir=D:\Server\aethercore} with connection: socket connection from /127.0.0.1:57377 to /127.0.0.1:57378.
2026-09-30T10:16:15.597-0500 [DEBUG] [org.gradle.launcher.daemon.server.DaemonStateCoordinator] Command execution: started DaemonCommandExecution[command = Build{id=40bfd9b5-5873-4097-be34-c02a980e806a, currentDir=D:\Server\aethercore}, connection = DefaultDaemonConnection: socket connection from /127.0.0.1:57377 to /127.0.0.1:57378] after 0.0022500000000000003 minutes of idle
2026-09-30T10:16:15.597-0500 [INFO] [org.gradle.launcher.daemon.server.DaemonRegistryUpdater] Marking the daemon as busy, address: [47ec87a0-66bf-415d-83fb-ed0920551fba port:57377, addresses:[localhost/127.0.0.1]]
2026-09-30T10:16:15.598-0500 [DEBUG] [org.gradle.launcher.daemon.registry.PersistentDaemonRegistry] Marking busy by address: [47ec87a0-66bf-415d-83fb-ed0920551fba port:57377, addresses:[localhost/127.0.0.1]]
2026-09-30T10:16:15.598-0500 [DEBUG] [org.gradle.cache.internal.DefaultFileLockManager] Waiting to acquire exclusive lock on daemon addresses registry.
2026-09-30T10:16:15.599-0500 [DEBUG] [org.gradle.cache.internal.DefaultFileLockManager] Lock acquired on daemon addresses registry.
2026-09-30T10:16:15.599-0500 [DEBUG] [org.gradle.cache.internal.DefaultFileLockManager] Releasing lock on daemon addresses registry.
2026-09-30T10:16:15.600-0500 [DEBUG] [org.gradle.launcher.daemon.server.DaemonStateCoordinator] resetting idle timer
2026-09-30T10:16:15.600-0500 [DEBUG] [org.gradle.launcher.daemon.server.DaemonStateCoordinator] daemon is running. Sleeping until state changes.
2026-09-30T10:16:15.601-0500 [INFO] [org.gradle.launcher.daemon.server.exec.StartBuildOrRespondWithBusy] Daemon is about to start building Build{id=40bfd9b5-5873-4097-be34-c02a980e806a, currentDir=D:\Server\aethercore}. Dispatching build started information...
2026-09-30T10:16:15.601-0500 [DEBUG] [org.gradle.launcher.daemon.server.SynchronizedDispatchConnection] thread 40: dispatching org.gradle.launcher.daemon.protocol.BuildStarted@3f7c2b3a
2026-09-30T10:16:15.603-0500 [DEBUG] [org.gradle.launcher.daemon.server.exec.LogToClient] About to start relaying all logs to the client via the connection.
2026-09-30T10:16:15.603-0500 [INFO] [org.gradle.launcher.daemon.server.exec.LogToClient] The client will now receive all logging from the daemon (pid: 27020). The daemon log file: D:\Server\aethercore\.gradle-user-home\daemon\9.8.0\daemon-27020.out.log
2026-09-30T10:16:15.604-0500 [DEBUG] [org.gradle.launcher.daemon.server.exec.ApplyClientEnvironmentVariables] Configuring env variables: [USERDOMAIN_ROAMINGPROFILE, BROWSER_USE_ACCESS_VERIFYING_IDENTITY, PROCESSOR_LEVEL, GIT_PAGER, ALLUSERSPROFILE, CODEX_MCP_NODE_PATH, CODEX_SHELL, PROCESSOR_ARCHITECTURE, __COMPAT_LAYER, PSModulePath, SystemDrive, GH_PAGER, CODEX_CLI_PATH, CODEX_APP_TOOLS_PIPE_PATH, COLORTERM, NODE_REPL_TRUSTED_BROWSER_CLIENT_SHA256S, USERNAME, CODEX_TASK_WORKSPACE_VERIFYING_IDENTITY, ProgramFiles(x86), CODEX_INTERNAL_ORIGINATOR_OVERRIDE, CODEX_SAGE_BACKFILL_TRACKER_TAB_REUSE, PATHEXT, SHELL, DriverData, OneDriveConsumer, PAGER, CODEX_PERMISSION_PROFILE, CODEX_WINDOWS_SANDBOX_PACKAGE_FAMILY, LOG_FORMAT, ProgramData, ProgramW6432, HOMEPATH, LC_ALL, PROCESSOR_IDENTIFIER, ProgramFiles, PUBLIC, ZSH_TMUX_AUTOSTARTED, windir, LC_CTYPE, CODEX_SESSION_ID, LOCALAPPDATA, ChocolateyLastPathUpdate, USERDOMAIN, LOGONSERVER, JAVA_HOME, PROMPT, RUST_LOG, TERM, LANG, OneDrive, APPDATA, CODEX_APPLY_PATCH_PRESERVE_LINE_ENDINGS, ChocolateyInstall, CODEX_THREAD_ID, ChocolateyToolsLocation, NO_COLOR, CODEX_CI, CommonProgramFiles, Path, DISABLE_AUTO_UPDATE, OS, COMPUTERNAME, PROCESSOR_REVISION, CommonProgramW6432, ComSpec, ZSH_TMUX_AUTOSTART, =D:, SystemRoot, TEMP, HOMEDRIVE, USERPROFILE, TMP, CommonProgramFiles(x86), CODEX_TECTONIC_PATH, CODEX_VERSION, NUMBER_OF_PROCESSORS]
2026-09-30T10:16:15.608-0500 [DEBUG] [org.gradle.launcher.daemon.server.exec.RequestStopIfSingleUsedDaemon] Requesting daemon stop after processing Build{id=40bfd9b5-5873-4097-be34-c02a980e806a, currentDir=D:\Server\aethercore}
2026-09-30T10:16:15.609-0500 [LIFECYCLE] [org.gradle.launcher.daemon.server.DaemonStateCoordinator] Daemon will be stopped at the end of the build 
2026-09-30T10:16:15.609-0500 [DEBUG] [org.gradle.launcher.daemon.server.DaemonStateCoordinator] Stop as soon as idle requested. The daemon is busy
2026-09-30T10:16:15.609-0500 [DEBUG] [org.gradle.launcher.daemon.server.DaemonStateCoordinator] daemon stop has been requested. Sleeping until state changes.
2026-09-30T10:16:15.613-0500 [DEBUG] [org.gradle.launcher.daemon.server.exec.ExecuteBuild] The daemon has started executing the build.
2026-09-30T10:16:15.614-0500 [DEBUG] [org.gradle.launcher.daemon.server.exec.ExecuteBuild] Executing build with daemon context: DefaultDaemonContext[uid=b4c10b4b-0e09-4a21-b3d3-378ef0b006ba,javaHome=C:\Program Files\Amazon Corretto\jdk25.0.3_9,javaVersion=25,javaVendor=Amazon.com Inc.,daemonRegistryDir=D:\Server\aethercore\.gradle-user-home\daemon,pid=27020,idleTimeout=120000,priority=NORMAL,applyInstrumentationAgent=true,nativeServicesMode=ENABLED,daemonOpts=-XX:MaxMetaspaceSize=384m,-XX:+HeapDumpOnOutOfMemoryError,-Xms256m,-Xmx512m,-Dfile.encoding=UTF-8,-Duser.country=US,-Duser.language=en,-Duser.variant]

[Incubating] Problems report is available at: file:///D:/Server/aethercore/build/reports/problems/problems-report.html

Deprecated Gradle features were used in this build, making it incompatible with Gradle 10.

You can use '--warning-mode all' to show the individual deprecation warnings and determine if they come from your own scripts or plugins.

For more on this, please refer to https://docs.gradle.org/9.8.0/userguide/command_line_interface.html#sec:command_line_warnings in the Gradle documentation.

BUILD SUCCESSFUL in 15s
3 actionable tasks: 2 executed, 1 up-to-date
2026-09-30T10:16:28.193-0500 [DEBUG] [org.gradle.launcher.daemon.server.exec.ExecuteBuild] The daemon has finished executing the build.
2026-09-30T10:16:28.208-0500 [DEBUG] [org.gradle.launcher.daemon.server.DaemonStateCoordinator] daemon stop has been requested. Sleeping until state changes.
2026-09-30T10:16:28.209-0500 [DEBUG] [org.gradle.launcher.daemon.server.DaemonStateCoordinator] Command execution: finished waiting for DaemonCommandExecution[command = Build{id=40bfd9b5-5873-4097-be34-c02a980e806a, currentDir=D:\Server\aethercore}, connection = DefaultDaemonConnection: socket connection from /127.0.0.1:57377 to /127.0.0.1:57378]. Result org.gradle.launcher.daemon.server.DaemonStateCoordinator@2ea69ca2 with state StopRequested
2026-09-30T10:16:28.209-0500 [DEBUG] [org.gradle.launcher.daemon.server.DaemonStateCoordinator] Command execution: completed DaemonCommandExecution[command = Build{id=40bfd9b5-5873-4097-be34-c02a980e806a, currentDir=D:\Server\aethercore}, connection = DefaultDaemonConnection: socket connection from /127.0.0.1:57377 to /127.0.0.1:57378]
2026-09-30T10:16:28.209-0500 [DEBUG] [org.gradle.launcher.daemon.server.DaemonStateCoordinator] resetting idle timer
2026-09-30T10:16:28.209-0500 [DEBUG] [org.gradle.launcher.daemon.server.DaemonStateCoordinator] Marking daemon stopped due to command completed and stop requested. The daemon is not running a build
2026-09-30T10:16:28.209-0500 [DEBUG] [org.gradle.launcher.daemon.server.DaemonStateCoordinator] daemon has stopped.
2026-09-30T10:16:28.209-0500 [DEBUG] [org.gradle.launcher.daemon.server.exec.ReturnResult] Daemon is dispatching the build result: Success[value=org.gradle.launcher.exec.BuildActionResult@69fb87d0]
2026-09-30T10:16:28.209-0500 [DEBUG] [org.gradle.launcher.daemon.server.SynchronizedDispatchConnection] thread 37: dispatching Success[value=org.gradle.launcher.exec.BuildActionResult@69fb87d0]
2026-09-30T10:16:28.210-0500 [DEBUG] [org.gradle.launcher.daemon.server.Daemon] stop() called on daemon
2026-09-30T10:16:28.210-0500 [INFO] [org.gradle.launcher.daemon.server.Daemon] Stop requested. Daemon is removing its presence from the registry...
2026-09-30T10:16:28.210-0500 [DEBUG] [org.gradle.launcher.daemon.server.DaemonRegistryUpdater] Removing our presence to clients, eg. removing this address from the registry: [47ec87a0-66bf-415d-83fb-ed0920551fba port:57377, addresses:[localhost/127.0.0.1]]
2026-09-30T10:16:28.210-0500 [DEBUG] [org.gradle.launcher.daemon.registry.PersistentDaemonRegistry] Removing daemon address: [47ec87a0-66bf-415d-83fb-ed0920551fba port:57377, addresses:[localhost/127.0.0.1]]
2026-09-30T10:16:28.211-0500 [DEBUG] [org.gradle.launcher.daemon.server.SynchronizedDispatchConnection] thread 38: received class org.gradle.launcher.daemon.protocol.CloseInput
2026-09-30T10:16:28.211-0500 [DEBUG] [org.gradle.launcher.daemon.server.exec.CleanUpVirtualFileSystemAfterBuild] Cleaning virtual file system after build finished
2026-09-30T10:16:28.211-0500 [DEBUG] [org.gradle.launcher.daemon.server.DefaultDaemonConnection] thread 38: Received IO message from client: org.gradle.launcher.daemon.protocol.CloseInput@2b236f6e
2026-09-30T10:16:28.211-0500 [DEBUG] [org.gradle.launcher.daemon.server.DefaultIncomingConnectionHandler] Finishing executing command: Build{id=40bfd9b5-5873-4097-be34-c02a980e806a, currentDir=D:\Server\aethercore}
2026-09-30T10:16:28.211-0500 [DEBUG] [org.gradle.cache.internal.DefaultFileLockManager] Waiting to acquire exclusive lock on daemon addresses registry.
2026-09-30T10:16:28.212-0500 [DEBUG] [org.gradle.launcher.daemon.server.SynchronizedDispatchConnection] thread 38: received class org.gradle.launcher.daemon.protocol.Finished
2026-09-30T10:16:28.212-0500 [DEBUG] [org.gradle.launcher.daemon.server.DefaultDaemonConnection] thread 38: Received non-IO message from client: org.gradle.launcher.daemon.protocol.Finished@10540121
2026-09-30T10:16:28.212-0500 [DEBUG] [org.gradle.launcher.daemon.server.DefaultIncomingConnectionHandler] Received finished message: org.gradle.launcher.daemon.protocol.Finished@10540121
2026-09-30T10:16:28.212-0500 [DEBUG] [org.gradle.launcher.daemon.server.SynchronizedDispatchConnection] thread 37: stopping connection
2026-09-30T10:16:28.213-0500 [DEBUG] [org.gradle.cache.internal.DefaultFileLockManager] Lock acquired on daemon addresses registry.
2026-09-30T10:16:28.214-0500 [DEBUG] [org.gradle.internal.remote.internal.inet.SocketConnection] Discarding EOFException: java.io.EOFException
2026-09-30T10:16:28.214-0500 [DEBUG] [org.gradle.launcher.daemon.server.SynchronizedDispatchConnection] thread 38: received null
2026-09-30T10:16:28.214-0500 [DEBUG] [org.gradle.launcher.daemon.server.DefaultDaemonConnection] thread 38: Received end-of-input from client.
2026-09-30T10:16:28.215-0500 [DEBUG] [org.gradle.cache.internal.DefaultFileLockManager] Releasing lock on daemon addresses registry.
2026-09-30T10:16:28.215-0500 [DEBUG] [org.gradle.launcher.daemon.server.SynchronizedDispatchConnection] thread 37: stopping connection
2026-09-30T10:16:28.216-0500 [DEBUG] [org.gradle.launcher.daemon.server.DaemonRegistryUpdater] Address removed from registry.
2026-09-30T10:16:28.218-0500 [DEBUG] [org.gradle.cache.internal.DefaultCacheCleanupExecutor] jars (D:\Server\aethercore\.gradle-user-home\caches\jars-9) has last been fully cleaned up 24 hours ago
2026-09-30T10:16:28.219-0500 [DEBUG] [org.gradle.internal.operations.DefaultBuildOperationRunner] Build operation 'Clean up jars (D:\Server\aethercore\.gradle-user-home\caches\jars-9)' started
2026-09-30T10:16:28.254-0500 [INFO] [org.gradle.cache.internal.AbstractCacheCleanup] jars (D:\Server\aethercore\.gradle-user-home\caches\jars-9) cleanup deleted 0 files/directories.
2026-09-30T10:16:28.254-0500 [INFO] [org.gradle.cache.internal.LeastRecentlyUsedCacheCleanup] jars (D:\Server\aethercore\.gradle-user-home\caches\jars-9) removing files not accessed on or after Wed Sep 23 10:16:28 CDT 2026.
2026-09-30T10:16:28.255-0500 [INFO] [org.gradle.cache.internal.AbstractCacheCleanup] jars (D:\Server\aethercore\.gradle-user-home\caches\jars-9) cleanup deleted 0 files/directories.
2026-09-30T10:16:28.256-0500 [DEBUG] [org.gradle.internal.operations.DefaultBuildOperationRunner] Completing Build operation 'Clean up jars (D:\Server\aethercore\.gradle-user-home\caches\jars-9)'
2026-09-30T10:16:28.256-0500 [DEBUG] [org.gradle.internal.operations.DefaultBuildOperationRunner] Build operation 'Clean up jars (D:\Server\aethercore\.gradle-user-home\caches\jars-9)' completed
2026-09-30T10:16:28.257-0500 [INFO] [org.gradle.cache.internal.DefaultCacheCleanupExecutor] jars (D:\Server\aethercore\.gradle-user-home\caches\jars-9) cleaned up in 0.038 secs.
2026-09-30T10:16:28.257-0500 [DEBUG] [org.gradle.cache.internal.DefaultCacheCoordinator] Cache jars (D:\Server\aethercore\.gradle-user-home\caches\jars-9) was closed 0 times.
2026-09-30T10:16:28.258-0500 [DEBUG] [org.gradle.cache.internal.LockOnDemandCrossProcessCacheAccess] Releasing file lock for file content cache (D:\Server\aethercore\.gradle-user-home\caches\9.8.0\fileContent)
2026-09-30T10:16:28.258-0500 [DEBUG] [org.gradle.cache.internal.DefaultFileLockManager] Releasing lock on file content cache (D:\Server\aethercore\.gradle-user-home\caches\9.8.0\fileContent).
2026-09-30T10:16:28.258-0500 [DEBUG] [org.gradle.internal.watch.vfs.impl.WatchingVirtualFileSystem] Closing VFS, dropping state
2026-09-30T10:16:28.260-0500 [DEBUG] [org.gradle.internal.watch.registry.impl.DefaultFileWatcherRegistry] Finished listening to file system change events
2026-09-30T10:16:28.260-0500 [DEBUG] [org.gradle.cache.internal.DefaultCacheCoordinator] Cache Generated Gradle JARs cache (D:\Server\aethercore\.gradle-user-home\caches\9.8.0\generated-gradle-jars) was closed 0 times.
2026-09-30T10:16:28.260-0500 [DEBUG] [org.gradle.cache.internal.LockOnDemandCrossProcessCacheAccess] Releasing file lock for artifact cache (D:\Server\aethercore\.gradle-user-home\caches\modules-2)
2026-09-30T10:16:28.260-0500 [DEBUG] [org.gradle.cache.internal.DefaultFileLockManager] Releasing lock on artifact cache (D:\Server\aethercore\.gradle-user-home\caches\modules-2).
2026-09-30T10:16:28.261-0500 [DEBUG] [org.gradle.cache.internal.DefaultCacheCleanupExecutor] artifact cache (D:\Server\aethercore\.gradle-user-home\caches\modules-2) has last been fully cleaned up 24 hours ago
2026-09-30T10:16:28.261-0500 [DEBUG] [org.gradle.internal.operations.DefaultBuildOperationRunner] Build operation 'Clean up artifact cache (D:\Server\aethercore\.gradle-user-home\caches\modules-2)' started
2026-09-30T10:16:28.262-0500 [INFO] [org.gradle.cache.internal.AbstractCacheCleanup] artifact cache (D:\Server\aethercore\.gradle-user-home\caches\modules-2) cleanup deleted 0 files/directories.
2026-09-30T10:16:28.263-0500 [INFO] [org.gradle.cache.internal.AbstractCacheCleanup] artifact cache (D:\Server\aethercore\.gradle-user-home\caches\modules-2) [subdir: D:\Server\aethercore\.gradle-user-home\caches\modules-2\resources-2.1] cleanup deleted 0 files/directories.
2026-09-30T10:16:28.263-0500 [INFO] [org.gradle.cache.internal.LeastRecentlyUsedCacheCleanup] artifact cache (D:\Server\aethercore\.gradle-user-home\caches\modules-2) [subdir: D:\Server\aethercore\.gradle-user-home\caches\modules-2\resources-2.1] removing files not accessed on or after Mon Aug 31 10:16:28 CDT 2026.
2026-09-30T10:16:28.263-0500 [INFO] [org.gradle.cache.internal.AbstractCacheCleanup] artifact cache (D:\Server\aethercore\.gradle-user-home\caches\modules-2) [subdir: D:\Server\aethercore\.gradle-user-home\caches\modules-2\resources-2.1] cleanup deleted 0 files/directories.
2026-09-30T10:16:28.264-0500 [INFO] [org.gradle.cache.internal.AbstractCacheCleanup] artifact cache (D:\Server\aethercore\.gradle-user-home\caches\modules-2) [subdir: D:\Server\aethercore\.gradle-user-home\caches\modules-2\files-2.1] cleanup deleted 0 files/directories.
2026-09-30T10:16:28.264-0500 [INFO] [org.gradle.cache.internal.LeastRecentlyUsedCacheCleanup] artifact cache (D:\Server\aethercore\.gradle-user-home\caches\modules-2) [subdir: D:\Server\aethercore\.gradle-user-home\caches\modules-2\files-2.1] removing files not accessed on or after Mon Aug 31 10:16:28 CDT 2026.
2026-09-30T10:16:28.264-0500 [INFO] [org.gradle.cache.internal.AbstractCacheCleanup] artifact cache (D:\Server\aethercore\.gradle-user-home\caches\modules-2) [subdir: D:\Server\aethercore\.gradle-user-home\caches\modules-2\files-2.1] cleanup deleted 0 files/directories.
2026-09-30T10:16:28.265-0500 [INFO] [org.gradle.cache.internal.AbstractCacheCleanup] artifact cache (D:\Server\aethercore\.gradle-user-home\caches\modules-2) [subdir: D:\Server\aethercore\.gradle-user-home\caches\modules-2\metadata-2.107] cleanup deleted 0 files/directories.
2026-09-30T10:16:28.266-0500 [INFO] [org.gradle.cache.internal.AbstractCacheCleanup] artifact cache (D:\Server\aethercore\.gradle-user-home\caches\modules-2) cleanup deleted 0 files/directories.
2026-09-30T10:16:28.266-0500 [DEBUG] [org.gradle.internal.operations.DefaultBuildOperationRunner] Completing Build operation 'Clean up artifact cache (D:\Server\aethercore\.gradle-user-home\caches\modules-2)'
2026-09-30T10:16:28.266-0500 [DEBUG] [org.gradle.internal.operations.DefaultBuildOperationRunner] Build operation 'Clean up artifact cache (D:\Server\aethercore\.gradle-user-home\caches\modules-2)' completed
2026-09-30T10:16:28.266-0500 [INFO] [org.gradle.cache.internal.DefaultCacheCleanupExecutor] artifact cache (D:\Server\aethercore\.gradle-user-home\caches\modules-2) cleaned up in 0.004 secs.
2026-09-30T10:16:28.266-0500 [DEBUG] [org.gradle.cache.internal.DefaultCacheCleanupExecutor] kotlin-dsl/accessors has last been fully cleaned up 24 hours ago
2026-09-30T10:16:28.267-0500 [DEBUG] [org.gradle.internal.operations.DefaultBuildOperationRunner] Build operation 'Clean up kotlin-dsl/accessors' started
2026-09-30T10:16:28.268-0500 [INFO] [org.gradle.cache.internal.LeastRecentlyUsedCacheCleanup] kotlin-dsl/accessors removing files not accessed on or after Wed Sep 23 10:16:28 CDT 2026.
2026-09-30T10:16:28.269-0500 [INFO] [org.gradle.cache.internal.AbstractCacheCleanup] kotlin-dsl/accessors cleanup deleted 0 files/directories.
2026-09-30T10:16:28.271-0500 [DEBUG] [org.gradle.internal.operations.DefaultBuildOperationRunner] Completing Build operation 'Clean up kotlin-dsl/accessors'
2026-09-30T10:16:28.271-0500 [DEBUG] [org.gradle.internal.operations.DefaultBuildOperationRunner] Build operation 'Clean up kotlin-dsl/accessors' completed
2026-09-30T10:16:28.271-0500 [INFO] [org.gradle.cache.internal.DefaultCacheCleanupExecutor] kotlin-dsl/accessors cleaned up in 0.004 secs.
2026-09-30T10:16:28.272-0500 [DEBUG] [org.gradle.cache.internal.DefaultCacheCleanupExecutor] kotlin-dsl/scripts has last been fully cleaned up 24 hours ago
2026-09-30T10:16:28.272-0500 [DEBUG] [org.gradle.internal.operations.DefaultBuildOperationRunner] Build operation 'Clean up kotlin-dsl/scripts' started
2026-09-30T10:16:28.272-0500 [INFO] [org.gradle.cache.internal.LeastRecentlyUsedCacheCleanup] kotlin-dsl/scripts removing files not accessed on or after Wed Sep 23 10:16:28 CDT 2026.
2026-09-30T10:16:28.278-0500 [INFO] [org.gradle.cache.internal.AbstractCacheCleanup] kotlin-dsl/scripts cleanup deleted 0 files/directories.
2026-09-30T10:16:28.279-0500 [DEBUG] [org.gradle.internal.operations.DefaultBuildOperationRunner] Completing Build operation 'Clean up kotlin-dsl/scripts'
2026-09-30T10:16:28.279-0500 [DEBUG] [org.gradle.internal.operations.DefaultBuildOperationRunner] Build operation 'Clean up kotlin-dsl/scripts' completed
2026-09-30T10:16:28.279-0500 [INFO] [org.gradle.cache.internal.DefaultCacheCleanupExecutor] kotlin-dsl/scripts cleaned up in 0.007 secs.
2026-09-30T10:16:28.279-0500 [DEBUG] [org.gradle.cache.internal.LockOnDemandCrossProcessCacheAccess] Releasing file lock for journal cache (D:\Server\aethercore\.gradle-user-home\caches\journal-1)
2026-09-30T10:16:28.280-0500 [DEBUG] [org.gradle.cache.internal.btree.BTreePersistentIndexedCache] Closing cache file-access.bin (D:\Server\aethercore\.gradle-user-home\caches\journal-1\file-access.bin)
2026-09-30T10:16:28.280-0500 [DEBUG] [org.gradle.cache.internal.DefaultFileLockManager] Releasing lock on journal cache (D:\Server\aethercore\.gradle-user-home\caches\journal-1).
2026-09-30T10:16:28.281-0500 [DEBUG] [org.gradle.cache.internal.LockOnDemandCrossProcessCacheAccess] Releasing file lock for file hash cache (D:\Server\aethercore\.gradle-user-home\caches\9.8.0\fileHashes)
2026-09-30T10:16:28.281-0500 [DEBUG] [org.gradle.cache.internal.btree.BTreePersistentIndexedCache] Closing cache kotlinDslCompileAvoidanceClasspathHashCache.bin (D:\Server\aethercore\.gradle-user-home\caches\9.8.0\fileHashes\kotlinDslCompileAvoidanceClasspathHashCache.bin)
2026-09-30T10:16:28.281-0500 [DEBUG] [org.gradle.cache.internal.btree.BTreePersistentIndexedCache] Closing cache fileHashes.bin (D:\Server\aethercore\.gradle-user-home\caches\9.8.0\fileHashes\fileHashes.bin)
2026-09-30T10:16:28.282-0500 [DEBUG] [org.gradle.cache.internal.btree.BTreePersistentIndexedCache] Closing cache KotlinMetadataCompatibilityCache.bin (D:\Server\aethercore\.gradle-user-home\caches\9.8.0\fileHashes\KotlinMetadataCompatibilityCache.bin)
2026-09-30T10:16:28.282-0500 [DEBUG] [org.gradle.cache.internal.btree.BTreePersistentIndexedCache] Closing cache resourceHashesCache.bin (D:\Server\aethercore\.gradle-user-home\caches\9.8.0\fileHashes\resourceHashesCache.bin)
2026-09-30T10:16:28.282-0500 [DEBUG] [org.gradle.cache.internal.DefaultFileLockManager] Releasing lock on file hash cache (D:\Server\aethercore\.gradle-user-home\caches\9.8.0\fileHashes).
2026-09-30T10:16:28.283-0500 [DEBUG] [org.gradle.internal.operations.DefaultBuildOperationRunner] Build operation 'Deleting unused version-specific caches in D:\Server\aethercore\.gradle-user-home\caches' started
2026-09-30T10:16:28.289-0500 [DEBUG] [org.gradle.cache.internal.VersionSpecificCacheCleanupAction] Processed version-specific caches at D:\Server\aethercore\.gradle-user-home\caches for cleanup in 0.004 secs
2026-09-30T10:16:28.289-0500 [DEBUG] [org.gradle.internal.operations.DefaultBuildOperationRunner] Completing Build operation 'Deleting unused version-specific caches in D:\Server\aethercore\.gradle-user-home\caches'
2026-09-30T10:16:28.289-0500 [DEBUG] [org.gradle.internal.operations.DefaultBuildOperationRunner] Build operation 'Deleting unused version-specific caches in D:\Server\aethercore\.gradle-user-home\caches' completed
2026-09-30T10:16:28.298-0500 [DEBUG] [org.gradle.internal.operations.DefaultBuildOperationRunner] Build operation 'Deleting unused Gradle distributions in D:\Server\aethercore\.gradle-user-home\wrapper\dists' started
2026-09-30T10:16:28.299-0500 [DEBUG] [org.gradle.internal.operations.DefaultBuildOperationRunner] Completing Build operation 'Deleting unused Gradle distributions in D:\Server\aethercore\.gradle-user-home\wrapper\dists'
2026-09-30T10:16:28.299-0500 [DEBUG] [org.gradle.internal.operations.DefaultBuildOperationRunner] Build operation 'Deleting unused Gradle distributions in D:\Server\aethercore\.gradle-user-home\wrapper\dists' completed
2026-09-30T10:16:28.300-0500 [DEBUG] [org.gradle.internal.operations.DefaultBuildOperationRunner] Build operation 'Deleting old daemon log files in D:\Server\aethercore\.gradle-user-home\daemon' started
2026-09-30T10:16:28.303-0500 [DEBUG] [org.gradle.cache.internal.DaemonLogCleanupAction] Processed daemon logs at D:\Server\aethercore\.gradle-user-home\daemon for cleanup in 0.003 secs
2026-09-30T10:16:28.304-0500 [DEBUG] [org.gradle.internal.operations.DefaultBuildOperationRunner] Completing Build operation 'Deleting old daemon log files in D:\Server\aethercore\.gradle-user-home\daemon'
2026-09-30T10:16:28.304-0500 [DEBUG] [org.gradle.internal.operations.DefaultBuildOperationRunner] Build operation 'Deleting old daemon log files in D:\Server\aethercore\.gradle-user-home\daemon' completed
2026-09-30T10:16:28.304-0500 [DEBUG] [org.gradle.launcher.daemon.server.Daemon] stop() called on daemon
2026-09-30T10:16:28.304-0500 [INFO] [org.gradle.launcher.daemon.server.Daemon] Stop requested. Daemon is removing its presence from the registry...
2026-09-30T10:16:28.304-0500 [DEBUG] [org.gradle.launcher.daemon.server.DaemonRegistryUpdater] Removing our presence to clients, eg. removing this address from the registry: [47ec87a0-66bf-415d-83fb-ed0920551fba port:57377, addresses:[localhost/127.0.0.1]]
2026-09-30T10:16:28.304-0500 [DEBUG] [org.gradle.launcher.daemon.registry.PersistentDaemonRegistry] Removing daemon address: [47ec87a0-66bf-415d-83fb-ed0920551fba port:57377, addresses:[localhost/127.0.0.1]]
2026-09-30T10:16:28.310-0500 [DEBUG] [org.gradle.cache.internal.DefaultFileLockManager] Waiting to acquire exclusive lock on daemon addresses registry.
2026-09-30T10:16:28.311-0500 [DEBUG] [org.gradle.cache.internal.DefaultFileLockManager] Lock acquired on daemon addresses registry.
2026-09-30T10:16:28.313-0500 [DEBUG] [org.gradle.cache.internal.DefaultFileLockManager] Releasing lock on daemon addresses registry.
2026-09-30T10:16:28.313-0500 [DEBUG] [org.gradle.launcher.daemon.server.DaemonRegistryUpdater] Address removed from registry.
2026-09-30T10:16:28.314-0500 [DEBUG] [org.gradle.cache.internal.locklistener.DefaultFileLockContentionHandler] File lock listener thread completed.
2026-09-30T10:16:28.316-0500 [DEBUG] [java.lang.Runtime] Runtime.exit() called with status: 0
java.lang.Throwable: Runtime.exit(0)
	at java.base/java.lang.Shutdown.logRuntimeExit(Shutdown.java:179)
	at java.base/java.lang.Shutdown.exit(Shutdown.java:160)
	at java.base/java.lang.Runtime.exit(Runtime.java:177)
	at java.base/java.lang.System.exit(System.java:1541)
	at org.gradle.launcher.bootstrap.ProcessCompleter.complete(ProcessCompleter.java:21)
	at org.gradle.launcher.bootstrap.EntryPoint.run(EntryPoint.java:62)
	at java.base/jdk.internal.reflect.DirectMethodHandleAccessor.invoke(DirectMethodHandleAccessor.java:104)
	at java.base/java.lang.reflect.Method.invoke(Method.java:565)
	at org.gradle.launcher.bootstrap.ProcessBootstrap.runNoExit(ProcessBootstrap.java:72)
	at org.gradle.launcher.bootstrap.ProcessBootstrap.run(ProcessBootstrap.java:39)
	at org.gradle.launcher.daemon.bootstrap.GradleDaemon.main(GradleDaemon.java:23)
Daemon vm is shutting down... The daemon has exited normally or was terminated in response to a user interrupt.
2026-09-30T10:16:28.317-0500 [DEBUG] [org.gradle.launcher.daemon.registry.PersistentDaemonRegistry] Removing daemon address: [47ec87a0-66bf-415d-83fb-ed0920551fba port:57377, addresses:[localhost/127.0.0.1]]
2026-09-30T10:16:28.318-0500 [DEBUG] [org.gradle.launcher.daemon.server.Daemon] VM shutdown hook was unable to remove the daemon address from the registry. It will be cleaned up later.
java.lang.IllegalStateException: Cannot start managing file contention because this handler has been closed.
	at org.gradle.cache.internal.locklistener.DefaultFileLockContentionHandler.assertNotStopped(DefaultFileLockContentionHandler.java:267)
	at org.gradle.cache.internal.locklistener.DefaultFileLockContentionHandler.reservePort(DefaultFileLockContentionHandler.java:312)
	at org.gradle.cache.internal.DefaultFileLockManager.lock(DefaultFileLockManager.java:127)
	at org.gradle.cache.internal.DefaultFileLockManager.lock(DefaultFileLockManager.java:109)
	at org.gradle.cache.internal.DefaultFileLockManager.lock(DefaultFileLockManager.java:104)
	at org.gradle.cache.internal.OnDemandFileAccess.updateFile(OnDemandFileAccess.java:51)
	at org.gradle.cache.internal.FileBackedObjectHolder.update(FileBackedObjectHolder.java:77)
	at org.gradle.cache.internal.FileIntegrityViolationSuppressingObjectHolderDecorator.lambda$update$0(FileIntegrityViolationSuppressingObjectHolderDecorator.java:48)
	at org.gradle.cache.internal.FileIntegrityViolationSuppressingObjectHolderDecorator.doUpdate(FileIntegrityViolationSuppressingObjectHolderDecorator.java:58)
	at org.gradle.cache.internal.FileIntegrityViolationSuppressingObjectHolderDecorator.update(FileIntegrityViolationSuppressingObjectHolderDecorator.java:48)
	at org.gradle.launcher.daemon.registry.PersistentDaemonRegistry.remove(PersistentDaemonRegistry.java:133)
	at org.gradle.launcher.daemon.server.Daemon$1.run(Daemon.java:133)
	at java.base/java.lang.Thread.run(Thread.java:1474)
