2026-09-29T10:13:52.717-0500 [DEBUG] [org.gradle.launcher.daemon.bootstrap.DaemonMain] Assuming the daemon was started with following jvm opts: [-XX:MaxMetaspaceSize=384m, -XX:+HeapDumpOnOutOfMemoryError, -Xms256m, -Xmx512m, -Dfile.encoding=UTF-8, -Duser.country=US, -Duser.language=en, -Duser.variant]
2026-09-29T10:13:52.873-0500 [DEBUG] [org.gradle.internal.remote.internal.inet.InetAddresses] Adding IP addresses for network interface WAN Miniport (IP)-WFP Native MAC Layer LightWeight Filter-0000
2026-09-29T10:13:52.875-0500 [DEBUG] [org.gradle.internal.remote.internal.inet.InetAddresses] Is this a loopback interface? false
2026-09-29T10:13:52.875-0500 [DEBUG] [org.gradle.internal.remote.internal.inet.InetAddresses] Adding IP addresses for network interface WAN Miniport (IP)-QoS Packet Scheduler-0000
2026-09-29T10:13:52.876-0500 [DEBUG] [org.gradle.internal.remote.internal.inet.InetAddresses] Is this a loopback interface? false
2026-09-29T10:13:52.877-0500 [DEBUG] [org.gradle.internal.remote.internal.inet.InetAddresses] Adding IP addresses for network interface WAN Miniport (IPv6)-WFP Native MAC Layer LightWeight Filter-0000
2026-09-29T10:13:52.877-0500 [DEBUG] [org.gradle.internal.remote.internal.inet.InetAddresses] Is this a loopback interface? false
2026-09-29T10:13:52.877-0500 [DEBUG] [org.gradle.internal.remote.internal.inet.InetAddresses] Adding IP addresses for network interface WAN Miniport (IPv6)-QoS Packet Scheduler-0000
2026-09-29T10:13:52.878-0500 [DEBUG] [org.gradle.internal.remote.internal.inet.InetAddresses] Is this a loopback interface? false
2026-09-29T10:13:52.878-0500 [DEBUG] [org.gradle.internal.remote.internal.inet.InetAddresses] Adding IP addresses for network interface WAN Miniport (Network Monitor)-WFP Native MAC Layer LightWeight Filter-0000
2026-09-29T10:13:52.878-0500 [DEBUG] [org.gradle.internal.remote.internal.inet.InetAddresses] Is this a loopback interface? false
2026-09-29T10:13:52.878-0500 [DEBUG] [org.gradle.internal.remote.internal.inet.InetAddresses] Adding IP addresses for network interface Realtek PCIe GbE Family Controller-WFP Native MAC Layer LightWeight Filter-0000
2026-09-29T10:13:52.879-0500 [DEBUG] [org.gradle.internal.remote.internal.inet.InetAddresses] Is this a loopback interface? false
2026-09-29T10:13:52.879-0500 [DEBUG] [org.gradle.internal.remote.internal.inet.InetAddresses] Adding IP addresses for network interface Realtek PCIe GbE Family Controller-QoS Packet Scheduler-0000
2026-09-29T10:13:52.880-0500 [DEBUG] [org.gradle.internal.remote.internal.inet.InetAddresses] Is this a loopback interface? false
2026-09-29T10:13:52.881-0500 [DEBUG] [org.gradle.internal.remote.internal.inet.InetAddresses] Adding IP addresses for network interface Realtek PCIe GbE Family Controller-WFP 802.3 MAC Layer LightWeight Filter-0000
2026-09-29T10:13:52.881-0500 [DEBUG] [org.gradle.internal.remote.internal.inet.InetAddresses] Is this a loopback interface? false
2026-09-29T10:13:52.882-0500 [DEBUG] [org.gradle.internal.remote.internal.inet.InetAddresses] Adding IP addresses for network interface WAN Miniport (Network Monitor)-QoS Packet Scheduler-0000
2026-09-29T10:13:52.882-0500 [DEBUG] [org.gradle.internal.remote.internal.inet.InetAddresses] Is this a loopback interface? false
2026-09-29T10:13:52.883-0500 [DEBUG] [org.gradle.internal.remote.internal.inet.InetAddresses] Adding IP addresses for network interface Microsoft Kernel Debug Network Adapter
2026-09-29T10:13:52.883-0500 [DEBUG] [org.gradle.internal.remote.internal.inet.InetAddresses] Is this a loopback interface? false
2026-09-29T10:13:52.883-0500 [DEBUG] [org.gradle.internal.remote.internal.inet.InetAddresses] Adding IP addresses for network interface Realtek PCIe GbE Family Controller
2026-09-29T10:13:52.883-0500 [DEBUG] [org.gradle.internal.remote.internal.inet.InetAddresses] Is this a loopback interface? false
2026-09-29T10:13:52.884-0500 [DEBUG] [org.gradle.internal.remote.internal.inet.InetAddresses] Adding remote address /fe80:0:0:0:9da4:ff7e:ae67:59a2%ethernet_32769
2026-09-29T10:13:52.884-0500 [DEBUG] [org.gradle.internal.remote.internal.inet.InetAddresses] Adding remote address /fd00:88de:7cb0:3582:f1f7:28e:2be:1210
2026-09-29T10:13:52.885-0500 [DEBUG] [org.gradle.internal.remote.internal.inet.InetAddresses] Adding remote address /fd00:88de:7cb0:3582:2575:f18a:6338:726c
2026-09-29T10:13:52.885-0500 [DEBUG] [org.gradle.internal.remote.internal.inet.InetAddresses] Adding remote address /2600:6c56:b6f0:b9c0:f1f7:28e:2be:1210
2026-09-29T10:13:52.885-0500 [DEBUG] [org.gradle.internal.remote.internal.inet.InetAddresses] Adding remote address /2600:6c56:b6f0:b9c0:f40:4520:1fa7:1b5e
2026-09-29T10:13:52.885-0500 [DEBUG] [org.gradle.internal.remote.internal.inet.InetAddresses] Adding remote address /2600:6c56:b6f0:b9c0:0:0:0:1d6c
2026-09-29T10:13:52.886-0500 [DEBUG] [org.gradle.internal.remote.internal.inet.InetAddresses] Adding remote address /192.168.1.182
2026-09-29T10:13:52.886-0500 [DEBUG] [org.gradle.internal.remote.internal.inet.InetAddresses] Adding IP addresses for network interface Bluetooth Device (Personal Area Network)
2026-09-29T10:13:52.887-0500 [DEBUG] [org.gradle.internal.remote.internal.inet.InetAddresses] Is this a loopback interface? false
2026-09-29T10:13:52.888-0500 [DEBUG] [org.gradle.internal.remote.internal.inet.InetAddresses] Adding remote address /fe80:0:0:0:2c6c:8c65:f792:831b%ethernet_32770
2026-09-29T10:13:52.888-0500 [DEBUG] [org.gradle.internal.remote.internal.inet.InetAddresses] Adding IP addresses for network interface WAN Miniport (IP)
2026-09-29T10:13:52.889-0500 [DEBUG] [org.gradle.internal.remote.internal.inet.InetAddresses] Is this a loopback interface? false
2026-09-29T10:13:52.889-0500 [DEBUG] [org.gradle.internal.remote.internal.inet.InetAddresses] Adding IP addresses for network interface WAN Miniport (IPv6)
2026-09-29T10:13:52.889-0500 [DEBUG] [org.gradle.internal.remote.internal.inet.InetAddresses] Is this a loopback interface? false
2026-09-29T10:13:52.889-0500 [DEBUG] [org.gradle.internal.remote.internal.inet.InetAddresses] Adding IP addresses for network interface WAN Miniport (Network Monitor)
2026-09-29T10:13:52.890-0500 [DEBUG] [org.gradle.internal.remote.internal.inet.InetAddresses] Is this a loopback interface? false
2026-09-29T10:13:52.890-0500 [DEBUG] [org.gradle.internal.remote.internal.inet.InetAddresses] Adding IP addresses for network interface Remote NDIS based Internet Sharing Device #2
2026-09-29T10:13:52.890-0500 [DEBUG] [org.gradle.internal.remote.internal.inet.InetAddresses] Is this a loopback interface? false
2026-09-29T10:13:52.891-0500 [DEBUG] [org.gradle.internal.remote.internal.inet.InetAddresses] Adding IP addresses for network interface UsbNcm Host Device
2026-09-29T10:13:52.891-0500 [DEBUG] [org.gradle.internal.remote.internal.inet.InetAddresses] Is this a loopback interface? false
2026-09-29T10:13:52.892-0500 [DEBUG] [org.gradle.internal.remote.internal.inet.InetAddresses] Adding IP addresses for network interface SAMSUNG Mobile USB Remote NDIS Network Device
2026-09-29T10:13:52.892-0500 [DEBUG] [org.gradle.internal.remote.internal.inet.InetAddresses] Is this a loopback interface? false
2026-09-29T10:13:52.893-0500 [DEBUG] [org.gradle.internal.remote.internal.inet.InetAddresses] Adding IP addresses for network interface WAN Miniport (PPPOE)
2026-09-29T10:13:52.895-0500 [DEBUG] [org.gradle.internal.remote.internal.inet.InetAddresses] Is this a loopback interface? false
2026-09-29T10:13:52.895-0500 [DEBUG] [org.gradle.internal.remote.internal.inet.InetAddresses] Adding IP addresses for network interface RAS Async Adapter
2026-09-29T10:13:52.896-0500 [DEBUG] [org.gradle.internal.remote.internal.inet.InetAddresses] Is this a loopback interface? false
2026-09-29T10:13:52.896-0500 [DEBUG] [org.gradle.internal.remote.internal.inet.InetAddresses] Adding IP addresses for network interface Software Loopback Interface 1
2026-09-29T10:13:52.896-0500 [DEBUG] [org.gradle.internal.remote.internal.inet.InetAddresses] Is this a loopback interface? true
2026-09-29T10:13:52.897-0500 [DEBUG] [org.gradle.internal.remote.internal.inet.InetAddresses] Adding loopback address /0:0:0:0:0:0:0:1
2026-09-29T10:13:52.898-0500 [DEBUG] [org.gradle.internal.remote.internal.inet.InetAddresses] Adding loopback address /127.0.0.1
2026-09-29T10:13:52.898-0500 [DEBUG] [org.gradle.internal.remote.internal.inet.InetAddresses] Adding IP addresses for network interface Intel(R) Dual Band Wireless-AC 3168-WFP Native MAC Layer LightWeight Filter-0000
2026-09-29T10:13:52.899-0500 [DEBUG] [org.gradle.internal.remote.internal.inet.InetAddresses] Is this a loopback interface? false
2026-09-29T10:13:52.900-0500 [DEBUG] [org.gradle.internal.remote.internal.inet.InetAddresses] Adding IP addresses for network interface Intel(R) Dual Band Wireless-AC 3168-Virtual WiFi Filter Driver-0000
2026-09-29T10:13:52.901-0500 [DEBUG] [org.gradle.internal.remote.internal.inet.InetAddresses] Is this a loopback interface? false
2026-09-29T10:13:52.902-0500 [DEBUG] [org.gradle.internal.remote.internal.inet.InetAddresses] Adding IP addresses for network interface Intel(R) Dual Band Wireless-AC 3168-Native WiFi Filter Driver-0000
2026-09-29T10:13:52.902-0500 [DEBUG] [org.gradle.internal.remote.internal.inet.InetAddresses] Is this a loopback interface? false
2026-09-29T10:13:52.903-0500 [DEBUG] [org.gradle.internal.remote.internal.inet.InetAddresses] Adding IP addresses for network interface Intel(R) Dual Band Wireless-AC 3168-QoS Packet Scheduler-0000
2026-09-29T10:13:52.904-0500 [DEBUG] [org.gradle.internal.remote.internal.inet.InetAddresses] Is this a loopback interface? false
2026-09-29T10:13:52.905-0500 [DEBUG] [org.gradle.internal.remote.internal.inet.InetAddresses] Adding IP addresses for network interface Intel(R) Dual Band Wireless-AC 3168-WFP 802.3 MAC Layer LightWeight Filter-0000
2026-09-29T10:13:52.905-0500 [DEBUG] [org.gradle.internal.remote.internal.inet.InetAddresses] Is this a loopback interface? false
2026-09-29T10:13:52.907-0500 [DEBUG] [org.gradle.internal.remote.internal.inet.InetAddresses] Adding IP addresses for network interface Microsoft Wi-Fi Direct Virtual Adapter-WFP Native MAC Layer LightWeight Filter-0000
2026-09-29T10:13:52.908-0500 [DEBUG] [org.gradle.internal.remote.internal.inet.InetAddresses] Is this a loopback interface? false
2026-09-29T10:13:52.908-0500 [DEBUG] [org.gradle.internal.remote.internal.inet.InetAddresses] Adding IP addresses for network interface Microsoft Wi-Fi Direct Virtual Adapter-Native WiFi Filter Driver-0000
2026-09-29T10:13:52.908-0500 [DEBUG] [org.gradle.internal.remote.internal.inet.InetAddresses] Is this a loopback interface? false
2026-09-29T10:13:52.909-0500 [DEBUG] [org.gradle.internal.remote.internal.inet.InetAddresses] Adding IP addresses for network interface Microsoft Wi-Fi Direct Virtual Adapter-QoS Packet Scheduler-0000
2026-09-29T10:13:52.909-0500 [DEBUG] [org.gradle.internal.remote.internal.inet.InetAddresses] Is this a loopback interface? false
2026-09-29T10:13:52.909-0500 [DEBUG] [org.gradle.internal.remote.internal.inet.InetAddresses] Adding IP addresses for network interface Microsoft Wi-Fi Direct Virtual Adapter-WFP 802.3 MAC Layer LightWeight Filter-0000
2026-09-29T10:13:52.910-0500 [DEBUG] [org.gradle.internal.remote.internal.inet.InetAddresses] Is this a loopback interface? false
2026-09-29T10:13:52.910-0500 [DEBUG] [org.gradle.internal.remote.internal.inet.InetAddresses] Adding IP addresses for network interface Microsoft Wi-Fi Direct Virtual Adapter #2-WFP Native MAC Layer LightWeight Filter-0000
2026-09-29T10:13:52.911-0500 [DEBUG] [org.gradle.internal.remote.internal.inet.InetAddresses] Is this a loopback interface? false
2026-09-29T10:13:52.911-0500 [DEBUG] [org.gradle.internal.remote.internal.inet.InetAddresses] Adding IP addresses for network interface Microsoft Wi-Fi Direct Virtual Adapter #2-Native WiFi Filter Driver-0000
2026-09-29T10:13:52.911-0500 [DEBUG] [org.gradle.internal.remote.internal.inet.InetAddresses] Is this a loopback interface? false
2026-09-29T10:13:52.912-0500 [DEBUG] [org.gradle.internal.remote.internal.inet.InetAddresses] Adding IP addresses for network interface Microsoft Wi-Fi Direct Virtual Adapter #2-QoS Packet Scheduler-0000
2026-09-29T10:13:52.913-0500 [DEBUG] [org.gradle.internal.remote.internal.inet.InetAddresses] Is this a loopback interface? false
2026-09-29T10:13:52.913-0500 [DEBUG] [org.gradle.internal.remote.internal.inet.InetAddresses] Adding IP addresses for network interface Microsoft Wi-Fi Direct Virtual Adapter #2-WFP 802.3 MAC Layer LightWeight Filter-0000
2026-09-29T10:13:52.913-0500 [DEBUG] [org.gradle.internal.remote.internal.inet.InetAddresses] Is this a loopback interface? false
2026-09-29T10:13:52.914-0500 [DEBUG] [org.gradle.internal.remote.internal.inet.InetAddresses] Adding IP addresses for network interface Intel(R) Dual Band Wireless-AC 3168
2026-09-29T10:13:52.914-0500 [DEBUG] [org.gradle.internal.remote.internal.inet.InetAddresses] Is this a loopback interface? false
2026-09-29T10:13:52.915-0500 [DEBUG] [org.gradle.internal.remote.internal.inet.InetAddresses] Adding remote address /fe80:0:0:0:1821:36be:7a53:efbe%wireless_32768
2026-09-29T10:13:52.915-0500 [DEBUG] [org.gradle.internal.remote.internal.inet.InetAddresses] Adding IP addresses for network interface Microsoft Wi-Fi Direct Virtual Adapter
2026-09-29T10:13:52.916-0500 [DEBUG] [org.gradle.internal.remote.internal.inet.InetAddresses] Is this a loopback interface? false
2026-09-29T10:13:52.916-0500 [DEBUG] [org.gradle.internal.remote.internal.inet.InetAddresses] Adding remote address /fe80:0:0:0:b8f6:7e7a:8f27:b30d%wireless_32769
2026-09-29T10:13:52.917-0500 [DEBUG] [org.gradle.internal.remote.internal.inet.InetAddresses] Adding IP addresses for network interface Microsoft Wi-Fi Direct Virtual Adapter #2
2026-09-29T10:13:52.920-0500 [DEBUG] [org.gradle.internal.remote.internal.inet.InetAddresses] Is this a loopback interface? false
2026-09-29T10:13:52.921-0500 [DEBUG] [org.gradle.internal.remote.internal.inet.InetAddresses] Adding remote address /fe80:0:0:0:3724:285c:d095:c5df%wireless_32770
2026-09-29T10:13:52.921-0500 [DEBUG] [org.gradle.internal.remote.internal.inet.InetAddresses] Adding IP addresses for network interface Microsoft Teredo Tunneling Adapter
2026-09-29T10:13:52.925-0500 [DEBUG] [org.gradle.internal.remote.internal.inet.InetAddresses] Is this a loopback interface? false
2026-09-29T10:13:52.925-0500 [DEBUG] [org.gradle.internal.remote.internal.inet.InetAddresses] Adding IP addresses for network interface Microsoft IP-HTTPS Platform Adapter
2026-09-29T10:13:52.926-0500 [DEBUG] [org.gradle.internal.remote.internal.inet.InetAddresses] Is this a loopback interface? false
2026-09-29T10:13:52.926-0500 [DEBUG] [org.gradle.internal.remote.internal.inet.InetAddresses] Adding IP addresses for network interface Microsoft 6to4 Adapter
2026-09-29T10:13:52.926-0500 [DEBUG] [org.gradle.internal.remote.internal.inet.InetAddresses] Is this a loopback interface? false
2026-09-29T10:13:52.927-0500 [DEBUG] [org.gradle.internal.remote.internal.inet.InetAddresses] Adding IP addresses for network interface WAN Miniport (SSTP)
2026-09-29T10:13:52.927-0500 [DEBUG] [org.gradle.internal.remote.internal.inet.InetAddresses] Is this a loopback interface? false
2026-09-29T10:13:52.928-0500 [DEBUG] [org.gradle.internal.remote.internal.inet.InetAddresses] Adding IP addresses for network interface WAN Miniport (IKEv2)
2026-09-29T10:13:52.928-0500 [DEBUG] [org.gradle.internal.remote.internal.inet.InetAddresses] Is this a loopback interface? false
2026-09-29T10:13:52.929-0500 [DEBUG] [org.gradle.internal.remote.internal.inet.InetAddresses] Adding IP addresses for network interface WAN Miniport (L2TP)
2026-09-29T10:13:52.929-0500 [DEBUG] [org.gradle.internal.remote.internal.inet.InetAddresses] Is this a loopback interface? false
2026-09-29T10:13:52.930-0500 [DEBUG] [org.gradle.internal.remote.internal.inet.InetAddresses] Adding IP addresses for network interface WAN Miniport (PPTP)
2026-09-29T10:13:52.930-0500 [DEBUG] [org.gradle.internal.remote.internal.inet.InetAddresses] Is this a loopback interface? false
2026-09-29T10:13:52.991-0500 [INFO] [org.gradle.launcher.daemon.server.Daemon] start() called on daemon - DefaultDaemonContext[uid=462c2073-5384-45ba-b287-4e4c0b0ddaae,javaHome=C:\Program Files\Amazon Corretto\jdk25.0.3_9,javaVersion=25,javaVendor=Amazon.com Inc.,daemonRegistryDir=D:\Server\aethercore\.gradle-user-home\daemon,pid=21040,idleTimeout=120000,priority=NORMAL,applyInstrumentationAgent=true,nativeServicesMode=ENABLED,daemonOpts=-XX:MaxMetaspaceSize=384m,-XX:+HeapDumpOnOutOfMemoryError,-Xms256m,-Xmx512m,-Dfile.encoding=UTF-8,-Duser.country=US,-Duser.language=en,-Duser.variant]
2026-09-29T10:14:01.018-0500 [DEBUG] [org.gradle.internal.remote.internal.inet.TcpIncomingConnector] Listening on [5f1a1a18-d283-4373-9f20-85a7f64491dc port:53973, addresses:[localhost/127.0.0.1]].
2026-09-29T10:14:01.024-0500 [DEBUG] [org.gradle.launcher.daemon.server.Daemon] Daemon starting at: Tue Sep 29 10:14:01 CDT 2026, with address: [5f1a1a18-d283-4373-9f20-85a7f64491dc port:53973, addresses:[localhost/127.0.0.1]]
2026-09-29T10:14:01.024-0500 [INFO] [org.gradle.launcher.daemon.server.DaemonRegistryUpdater] Advertising the daemon address to the clients: [5f1a1a18-d283-4373-9f20-85a7f64491dc port:53973, addresses:[localhost/127.0.0.1]]
2026-09-29T10:14:01.024-0500 [DEBUG] [org.gradle.launcher.daemon.server.DaemonRegistryUpdater] Advertised daemon context: DefaultDaemonContext[uid=462c2073-5384-45ba-b287-4e4c0b0ddaae,javaHome=C:\Program Files\Amazon Corretto\jdk25.0.3_9,javaVersion=25,javaVendor=Amazon.com Inc.,daemonRegistryDir=D:\Server\aethercore\.gradle-user-home\daemon,pid=21040,idleTimeout=120000,priority=NORMAL,applyInstrumentationAgent=true,nativeServicesMode=ENABLED,daemonOpts=-XX:MaxMetaspaceSize=384m,-XX:+HeapDumpOnOutOfMemoryError,-Xms256m,-Xmx512m,-Dfile.encoding=UTF-8,-Duser.country=US,-Duser.language=en,-Duser.variant]
2026-09-29T10:14:01.025-0500 [DEBUG] [org.gradle.launcher.daemon.registry.PersistentDaemonRegistry] Storing daemon address: [5f1a1a18-d283-4373-9f20-85a7f64491dc port:53973, addresses:[localhost/127.0.0.1]], context: DefaultDaemonContext[uid=462c2073-5384-45ba-b287-4e4c0b0ddaae,javaHome=C:\Program Files\Amazon Corretto\jdk25.0.3_9,javaVersion=25,javaVendor=Amazon.com Inc.,daemonRegistryDir=D:\Server\aethercore\.gradle-user-home\daemon,pid=21040,idleTimeout=120000,priority=NORMAL,applyInstrumentationAgent=true,nativeServicesMode=ENABLED,daemonOpts=-XX:MaxMetaspaceSize=384m,-XX:+HeapDumpOnOutOfMemoryError,-Xms256m,-Xmx512m,-Dfile.encoding=UTF-8,-Duser.country=US,-Duser.language=en,-Duser.variant]
2026-09-29T10:14:01.033-0500 [DEBUG] [org.gradle.cache.internal.DefaultFileLockManager] Waiting to acquire exclusive lock on daemon addresses registry.
2026-09-29T10:14:01.036-0500 [DEBUG] [org.gradle.cache.internal.DefaultFileLockManager] Lock acquired on daemon addresses registry.
2026-09-29T10:14:01.042-0500 [DEBUG] [org.gradle.cache.internal.DefaultFileLockManager] Releasing lock on daemon addresses registry.
2026-09-29T10:14:01.042-0500 [LIFECYCLE] [org.gradle.launcher.daemon.server.Daemon] Daemon server started.
2026-09-29T10:14:01.056-0500 [DEBUG] [org.gradle.launcher.daemon.server.Daemon] stopOnExpiration() called on daemon
2026-09-29T10:14:01.058-0500 [DEBUG] [org.gradle.launcher.daemon.server.Daemon] awaitExpiration() called on daemon
2026-09-29T10:14:01.059-0500 [DEBUG] [org.gradle.launcher.daemon.server.DaemonStateCoordinator] daemon is running. Sleeping until state changes.
2026-09-29T10:14:01.086-0500 [DEBUG] [org.gradle.internal.remote.internal.inet.TcpIncomingConnector] Accepted connection from /127.0.0.1:53974 to /127.0.0.1:53973.
2026-09-29T10:14:01.157-0500 [DEBUG] [org.gradle.launcher.daemon.server.SynchronizedDispatchConnection] thread 72: received class org.gradle.launcher.daemon.protocol.Build
2026-09-29T10:14:01.157-0500 [DEBUG] [org.gradle.launcher.daemon.server.DefaultDaemonConnection] thread 72: Received non-IO message from client: Build{id=166a5fc7-bb12-492e-809a-9d0561d5cfd9, currentDir=D:\Server\aethercore}
2026-09-29T10:14:01.158-0500 [INFO] [org.gradle.launcher.daemon.server.DefaultIncomingConnectionHandler] Received command: Build{id=166a5fc7-bb12-492e-809a-9d0561d5cfd9, currentDir=D:\Server\aethercore}.
2026-09-29T10:14:01.158-0500 [DEBUG] [org.gradle.launcher.daemon.server.DefaultIncomingConnectionHandler] Starting executing command: Build{id=166a5fc7-bb12-492e-809a-9d0561d5cfd9, currentDir=D:\Server\aethercore} with connection: socket connection from /127.0.0.1:53973 to /127.0.0.1:53974.
2026-09-29T10:14:01.160-0500 [DEBUG] [org.gradle.launcher.daemon.server.DaemonStateCoordinator] Command execution: started DaemonCommandExecution[command = Build{id=166a5fc7-bb12-492e-809a-9d0561d5cfd9, currentDir=D:\Server\aethercore}, connection = DefaultDaemonConnection: socket connection from /127.0.0.1:53973 to /127.0.0.1:53974] after 0.0024333333333333334 minutes of idle
2026-09-29T10:14:01.161-0500 [INFO] [org.gradle.launcher.daemon.server.DaemonRegistryUpdater] Marking the daemon as busy, address: [5f1a1a18-d283-4373-9f20-85a7f64491dc port:53973, addresses:[localhost/127.0.0.1]]
2026-09-29T10:14:01.161-0500 [DEBUG] [org.gradle.launcher.daemon.registry.PersistentDaemonRegistry] Marking busy by address: [5f1a1a18-d283-4373-9f20-85a7f64491dc port:53973, addresses:[localhost/127.0.0.1]]
2026-09-29T10:14:01.162-0500 [DEBUG] [org.gradle.cache.internal.DefaultFileLockManager] Waiting to acquire exclusive lock on daemon addresses registry.
2026-09-29T10:14:01.163-0500 [DEBUG] [org.gradle.cache.internal.DefaultFileLockManager] Lock acquired on daemon addresses registry.
2026-09-29T10:14:01.164-0500 [DEBUG] [org.gradle.cache.internal.DefaultFileLockManager] Releasing lock on daemon addresses registry.
2026-09-29T10:14:01.165-0500 [DEBUG] [org.gradle.launcher.daemon.server.DaemonStateCoordinator] resetting idle timer
2026-09-29T10:14:01.165-0500 [DEBUG] [org.gradle.launcher.daemon.server.DaemonStateCoordinator] daemon is running. Sleeping until state changes.
2026-09-29T10:14:01.166-0500 [INFO] [org.gradle.launcher.daemon.server.exec.StartBuildOrRespondWithBusy] Daemon is about to start building Build{id=166a5fc7-bb12-492e-809a-9d0561d5cfd9, currentDir=D:\Server\aethercore}. Dispatching build started information...
2026-09-29T10:14:01.166-0500 [DEBUG] [org.gradle.launcher.daemon.server.SynchronizedDispatchConnection] thread 74: dispatching org.gradle.launcher.daemon.protocol.BuildStarted@264470b8
2026-09-29T10:14:01.168-0500 [DEBUG] [org.gradle.launcher.daemon.server.exec.LogToClient] About to start relaying all logs to the client via the connection.
2026-09-29T10:14:01.169-0500 [INFO] [org.gradle.launcher.daemon.server.exec.LogToClient] The client will now receive all logging from the daemon (pid: 21040). The daemon log file: D:\Server\aethercore\.gradle-user-home\daemon\9.8.0\daemon-21040.out.log
2026-09-29T10:14:01.170-0500 [DEBUG] [org.gradle.launcher.daemon.server.exec.ApplyClientEnvironmentVariables] Configuring env variables: [PATH, USERDOMAIN_ROAMINGPROFILE, PROCESSOR_LEVEL, GIT_PAGER, ALLUSERSPROFILE, CODEX_MCP_NODE_PATH, CODEX_SHELL, PROCESSOR_ARCHITECTURE, PSModulePath, SystemDrive, GH_PAGER, CODEX_APP_TOOLS_PIPE_PATH, COLORTERM, NODE_REPL_TRUSTED_BROWSER_CLIENT_SHA256S, USERNAME, ProgramFiles(x86), CODEX_INTERNAL_ORIGINATOR_OVERRIDE, CODEX_SAGE_BACKFILL_TRACKER_TAB_REUSE, CODEX_SANDBOX_NETWORK_DISABLED, PATHEXT, SHELL, DriverData, OneDriveConsumer, PAGER, CODEX_PERMISSION_PROFILE, CODEX_WINDOWS_SANDBOX_PACKAGE_FAMILY, LOG_FORMAT, ProgramData, ProgramW6432, HOMEPATH, LC_ALL, PROCESSOR_IDENTIFIER, ProgramFiles, PUBLIC, ZSH_TMUX_AUTOSTARTED, LESS, windir, LC_CTYPE, CODEX_SESSION_ID, LOCALAPPDATA, ChocolateyLastPathUpdate, USERDOMAIN, LOGONSERVER, JAVA_HOME, PROMPT, RUST_LOG, TERM, LANG, OneDrive, APPDATA, CODEX_APPLY_PATCH_PRESERVE_LINE_ENDINGS, ChocolateyInstall, CODEX_THREAD_ID, ChocolateyToolsLocation, NO_COLOR, CODEX_CI, CommonProgramFiles, Path, DISABLE_AUTO_UPDATE, OS, COMPUTERNAME, PROCESSOR_REVISION, CommonProgramW6432, ComSpec, ZSH_TMUX_AUTOSTART, =D:, SystemRoot, TEMP, HOMEDRIVE, USERPROFILE, TMP, CommonProgramFiles(x86), CODEX_TECTONIC_PATH, CODEX_VERSION, NUMBER_OF_PROCESSORS]
2026-09-29T10:14:01.176-0500 [DEBUG] [org.gradle.launcher.daemon.server.exec.RequestStopIfSingleUsedDaemon] Requesting daemon stop after processing Build{id=166a5fc7-bb12-492e-809a-9d0561d5cfd9, currentDir=D:\Server\aethercore}
2026-09-29T10:14:01.176-0500 [LIFECYCLE] [org.gradle.launcher.daemon.server.DaemonStateCoordinator] Daemon will be stopped at the end of the build 
2026-09-29T10:14:01.176-0500 [DEBUG] [org.gradle.launcher.daemon.server.DaemonStateCoordinator] Stop as soon as idle requested. The daemon is busy
2026-09-29T10:14:01.176-0500 [DEBUG] [org.gradle.launcher.daemon.server.DaemonStateCoordinator] daemon stop has been requested. Sleeping until state changes.
2026-09-29T10:14:01.179-0500 [DEBUG] [org.gradle.launcher.daemon.server.exec.ExecuteBuild] The daemon has started executing the build.
2026-09-29T10:14:01.180-0500 [DEBUG] [org.gradle.launcher.daemon.server.exec.ExecuteBuild] Executing build with daemon context: DefaultDaemonContext[uid=462c2073-5384-45ba-b287-4e4c0b0ddaae,javaHome=C:\Program Files\Amazon Corretto\jdk25.0.3_9,javaVersion=25,javaVendor=Amazon.com Inc.,daemonRegistryDir=D:\Server\aethercore\.gradle-user-home\daemon,pid=21040,idleTimeout=120000,priority=NORMAL,applyInstrumentationAgent=true,nativeServicesMode=ENABLED,daemonOpts=-XX:MaxMetaspaceSize=384m,-XX:+HeapDumpOnOutOfMemoryError,-Xms256m,-Xmx512m,-Dfile.encoding=UTF-8,-Duser.country=US,-Duser.language=en,-Duser.variant]
D:\Server\aethercore\src\main\java\gg\aetherfall\core\module\RankPerks.java:91: warning: [deprecation] isOnGround() in Player has been deprecated
            if (p.getVelocity().setY(0).lengthSquared() < 0.003 && p.isOnGround()) continue; // only while moving
                                                                    ^
D:\Server\aethercore\src\main\java\gg\aetherfall\core\module\Placeholders.java:73: warning: [deprecation] Economy in net.milkbowl.vault.economy has been deprecated
        var rsp = plugin.getServer().getServicesManager().getRegistration(net.milkbowl.vault.economy.Economy.class);
                                                                                                    ^
2 warnings

[Incubating] Problems report is available at: file:///D:/Server/aethercore/build/reports/problems/problems-report.html

BUILD SUCCESSFUL in 30s
3 actionable tasks: 2 executed, 1 up-to-date
Consider enabling configuration cache to speed up this build: https://docs.gradle.org/9.8.0/userguide/configuration_cache_enabling.html
2026-09-29T10:14:12.921-0500 [DEBUG] [org.gradle.launcher.daemon.server.exec.ExecuteBuild] The daemon has finished executing the build.
2026-09-29T10:14:12.931-0500 [DEBUG] [org.gradle.launcher.daemon.server.DaemonStateCoordinator] daemon stop has been requested. Sleeping until state changes.
2026-09-29T10:14:12.932-0500 [DEBUG] [org.gradle.launcher.daemon.server.DaemonStateCoordinator] Command execution: finished waiting for DaemonCommandExecution[command = Build{id=166a5fc7-bb12-492e-809a-9d0561d5cfd9, currentDir=D:\Server\aethercore}, connection = DefaultDaemonConnection: socket connection from /127.0.0.1:53973 to /127.0.0.1:53974]. Result org.gradle.launcher.daemon.server.DaemonStateCoordinator@4d621a37 with state StopRequested
2026-09-29T10:14:12.932-0500 [DEBUG] [org.gradle.launcher.daemon.server.DaemonStateCoordinator] Command execution: completed DaemonCommandExecution[command = Build{id=166a5fc7-bb12-492e-809a-9d0561d5cfd9, currentDir=D:\Server\aethercore}, connection = DefaultDaemonConnection: socket connection from /127.0.0.1:53973 to /127.0.0.1:53974]
2026-09-29T10:14:12.933-0500 [DEBUG] [org.gradle.launcher.daemon.server.DaemonStateCoordinator] resetting idle timer
2026-09-29T10:14:12.933-0500 [DEBUG] [org.gradle.launcher.daemon.server.DaemonStateCoordinator] Marking daemon stopped due to command completed and stop requested. The daemon is not running a build
2026-09-29T10:14:12.933-0500 [DEBUG] [org.gradle.launcher.daemon.server.DaemonStateCoordinator] daemon has stopped.
2026-09-29T10:14:12.933-0500 [DEBUG] [org.gradle.launcher.daemon.server.exec.ReturnResult] Daemon is dispatching the build result: Success[value=org.gradle.launcher.exec.BuildActionResult@46234424]
2026-09-29T10:14:12.933-0500 [DEBUG] [org.gradle.launcher.daemon.server.SynchronizedDispatchConnection] thread 71: dispatching Success[value=org.gradle.launcher.exec.BuildActionResult@46234424]
2026-09-29T10:14:12.934-0500 [DEBUG] [org.gradle.launcher.daemon.server.Daemon] stop() called on daemon
2026-09-29T10:14:12.934-0500 [INFO] [org.gradle.launcher.daemon.server.Daemon] Stop requested. Daemon is removing its presence from the registry...
2026-09-29T10:14:12.934-0500 [DEBUG] [org.gradle.launcher.daemon.server.DaemonRegistryUpdater] Removing our presence to clients, eg. removing this address from the registry: [5f1a1a18-d283-4373-9f20-85a7f64491dc port:53973, addresses:[localhost/127.0.0.1]]
2026-09-29T10:14:12.935-0500 [DEBUG] [org.gradle.launcher.daemon.registry.PersistentDaemonRegistry] Removing daemon address: [5f1a1a18-d283-4373-9f20-85a7f64491dc port:53973, addresses:[localhost/127.0.0.1]]
2026-09-29T10:14:12.936-0500 [DEBUG] [org.gradle.launcher.daemon.server.SynchronizedDispatchConnection] thread 72: received class org.gradle.launcher.daemon.protocol.CloseInput
2026-09-29T10:14:12.936-0500 [DEBUG] [org.gradle.launcher.daemon.server.exec.CleanUpVirtualFileSystemAfterBuild] Cleaning virtual file system after build finished
2026-09-29T10:14:12.936-0500 [DEBUG] [org.gradle.launcher.daemon.server.DefaultDaemonConnection] thread 72: Received IO message from client: org.gradle.launcher.daemon.protocol.CloseInput@1c375d49
2026-09-29T10:14:12.936-0500 [DEBUG] [org.gradle.cache.internal.DefaultFileLockManager] Waiting to acquire exclusive lock on daemon addresses registry.
2026-09-29T10:14:12.936-0500 [DEBUG] [org.gradle.launcher.daemon.server.DefaultIncomingConnectionHandler] Finishing executing command: Build{id=166a5fc7-bb12-492e-809a-9d0561d5cfd9, currentDir=D:\Server\aethercore}
2026-09-29T10:14:12.937-0500 [DEBUG] [org.gradle.launcher.daemon.server.SynchronizedDispatchConnection] thread 72: received class org.gradle.launcher.daemon.protocol.Finished
2026-09-29T10:14:12.937-0500 [DEBUG] [org.gradle.launcher.daemon.server.DefaultDaemonConnection] thread 72: Received non-IO message from client: org.gradle.launcher.daemon.protocol.Finished@26d83525
2026-09-29T10:14:12.937-0500 [DEBUG] [org.gradle.cache.internal.DefaultFileLockManager] Lock acquired on daemon addresses registry.
2026-09-29T10:14:12.937-0500 [DEBUG] [org.gradle.launcher.daemon.server.DefaultIncomingConnectionHandler] Received finished message: org.gradle.launcher.daemon.protocol.Finished@26d83525
2026-09-29T10:14:12.938-0500 [DEBUG] [org.gradle.launcher.daemon.server.SynchronizedDispatchConnection] thread 71: stopping connection
2026-09-29T10:14:12.939-0500 [DEBUG] [org.gradle.cache.internal.DefaultFileLockManager] Releasing lock on daemon addresses registry.
2026-09-29T10:14:12.939-0500 [DEBUG] [org.gradle.internal.remote.internal.inet.SocketConnection] Discarding EOFException: java.io.EOFException
2026-09-29T10:14:12.940-0500 [DEBUG] [org.gradle.launcher.daemon.server.SynchronizedDispatchConnection] thread 72: received null
2026-09-29T10:14:12.940-0500 [DEBUG] [org.gradle.launcher.daemon.server.DefaultDaemonConnection] thread 72: Received end-of-input from client.
2026-09-29T10:14:12.940-0500 [DEBUG] [org.gradle.launcher.daemon.server.DaemonRegistryUpdater] Address removed from registry.
2026-09-29T10:14:12.941-0500 [DEBUG] [org.gradle.launcher.daemon.server.SynchronizedDispatchConnection] thread 71: stopping connection
2026-09-29T10:14:12.944-0500 [DEBUG] [org.gradle.cache.internal.DefaultCacheCleanupExecutor] jars (D:\Server\aethercore\.gradle-user-home\caches\jars-9) has last been fully cleaned up 0 hours ago
2026-09-29T10:14:12.944-0500 [DEBUG] [org.gradle.cache.internal.DefaultCacheCleanupExecutor] Skipping cleanup for jars (D:\Server\aethercore\.gradle-user-home\caches\jars-9) as it is not yet due
2026-09-29T10:14:12.944-0500 [DEBUG] [org.gradle.cache.internal.DefaultCacheCoordinator] Cache jars (D:\Server\aethercore\.gradle-user-home\caches\jars-9) was closed 0 times.
2026-09-29T10:14:12.944-0500 [DEBUG] [org.gradle.cache.internal.LockOnDemandCrossProcessCacheAccess] Releasing file lock for file content cache (D:\Server\aethercore\.gradle-user-home\caches\9.8.0\fileContent)
2026-09-29T10:14:12.945-0500 [DEBUG] [org.gradle.cache.internal.DefaultFileLockManager] Releasing lock on file content cache (D:\Server\aethercore\.gradle-user-home\caches\9.8.0\fileContent).
2026-09-29T10:14:12.945-0500 [DEBUG] [org.gradle.internal.watch.vfs.impl.WatchingVirtualFileSystem] Closing VFS, dropping state
2026-09-29T10:14:12.946-0500 [DEBUG] [org.gradle.internal.watch.registry.impl.DefaultFileWatcherRegistry] Finished listening to file system change events
2026-09-29T10:14:12.946-0500 [DEBUG] [org.gradle.cache.internal.DefaultCacheCoordinator] Cache Generated Gradle JARs cache (D:\Server\aethercore\.gradle-user-home\caches\9.8.0\generated-gradle-jars) was closed 0 times.
2026-09-29T10:14:12.947-0500 [DEBUG] [org.gradle.cache.internal.LockOnDemandCrossProcessCacheAccess] Releasing file lock for artifact cache (D:\Server\aethercore\.gradle-user-home\caches\modules-2)
2026-09-29T10:14:12.947-0500 [DEBUG] [org.gradle.cache.internal.DefaultFileLockManager] Releasing lock on artifact cache (D:\Server\aethercore\.gradle-user-home\caches\modules-2).
2026-09-29T10:14:12.947-0500 [DEBUG] [org.gradle.cache.internal.DefaultCacheCleanupExecutor] artifact cache (D:\Server\aethercore\.gradle-user-home\caches\modules-2) has last been fully cleaned up 0 hours ago
2026-09-29T10:14:12.948-0500 [DEBUG] [org.gradle.cache.internal.DefaultCacheCleanupExecutor] Skipping cleanup for artifact cache (D:\Server\aethercore\.gradle-user-home\caches\modules-2) as it is not yet due
2026-09-29T10:14:12.948-0500 [DEBUG] [org.gradle.cache.internal.DefaultCacheCleanupExecutor] kotlin-dsl/accessors has last been fully cleaned up 0 hours ago
2026-09-29T10:14:12.948-0500 [DEBUG] [org.gradle.cache.internal.DefaultCacheCleanupExecutor] Skipping cleanup for kotlin-dsl/accessors as it is not yet due
2026-09-29T10:14:12.948-0500 [DEBUG] [org.gradle.cache.internal.DefaultCacheCleanupExecutor] kotlin-dsl/scripts has last been fully cleaned up 0 hours ago
2026-09-29T10:14:12.949-0500 [DEBUG] [org.gradle.cache.internal.DefaultCacheCleanupExecutor] Skipping cleanup for kotlin-dsl/scripts as it is not yet due
2026-09-29T10:14:12.949-0500 [DEBUG] [org.gradle.cache.internal.LockOnDemandCrossProcessCacheAccess] Releasing file lock for journal cache (D:\Server\aethercore\.gradle-user-home\caches\journal-1)
2026-09-29T10:14:12.949-0500 [DEBUG] [org.gradle.cache.internal.btree.BTreePersistentIndexedCache] Closing cache file-access.bin (D:\Server\aethercore\.gradle-user-home\caches\journal-1\file-access.bin)
2026-09-29T10:14:12.950-0500 [DEBUG] [org.gradle.cache.internal.DefaultFileLockManager] Releasing lock on journal cache (D:\Server\aethercore\.gradle-user-home\caches\journal-1).
2026-09-29T10:14:12.951-0500 [DEBUG] [org.gradle.cache.internal.LockOnDemandCrossProcessCacheAccess] Releasing file lock for file hash cache (D:\Server\aethercore\.gradle-user-home\caches\9.8.0\fileHashes)
2026-09-29T10:14:12.951-0500 [DEBUG] [org.gradle.cache.internal.btree.BTreePersistentIndexedCache] Closing cache kotlinDslCompileAvoidanceClasspathHashCache.bin (D:\Server\aethercore\.gradle-user-home\caches\9.8.0\fileHashes\kotlinDslCompileAvoidanceClasspathHashCache.bin)
2026-09-29T10:14:12.952-0500 [DEBUG] [org.gradle.cache.internal.btree.BTreePersistentIndexedCache] Closing cache fileHashes.bin (D:\Server\aethercore\.gradle-user-home\caches\9.8.0\fileHashes\fileHashes.bin)
2026-09-29T10:14:12.952-0500 [DEBUG] [org.gradle.cache.internal.btree.BTreePersistentIndexedCache] Closing cache resourceHashesCache.bin (D:\Server\aethercore\.gradle-user-home\caches\9.8.0\fileHashes\resourceHashesCache.bin)
2026-09-29T10:14:12.952-0500 [DEBUG] [org.gradle.cache.internal.DefaultFileLockManager] Releasing lock on file hash cache (D:\Server\aethercore\.gradle-user-home\caches\9.8.0\fileHashes).
2026-09-29T10:14:12.953-0500 [DEBUG] [org.gradle.cache.internal.LockOnDemandCrossProcessCacheAccess] Releasing file lock for Java compile cache (D:\Server\aethercore\.gradle-user-home\caches\9.8.0\javaCompile)
2026-09-29T10:14:12.953-0500 [DEBUG] [org.gradle.cache.internal.btree.BTreePersistentIndexedCache] Closing cache jarAnalysis.bin (D:\Server\aethercore\.gradle-user-home\caches\9.8.0\javaCompile\jarAnalysis.bin)
2026-09-29T10:14:12.953-0500 [DEBUG] [org.gradle.cache.internal.btree.BTreePersistentIndexedCache] Closing cache classAnalysis.bin (D:\Server\aethercore\.gradle-user-home\caches\9.8.0\javaCompile\classAnalysis.bin)
2026-09-29T10:14:12.954-0500 [DEBUG] [org.gradle.cache.internal.DefaultFileLockManager] Releasing lock on Java compile cache (D:\Server\aethercore\.gradle-user-home\caches\9.8.0\javaCompile).
2026-09-29T10:14:12.956-0500 [DEBUG] [org.gradle.internal.operations.DefaultBuildOperationRunner] Build operation 'Deleting unused version-specific caches in D:\Server\aethercore\.gradle-user-home\caches' started
2026-09-29T10:14:12.956-0500 [DEBUG] [org.gradle.internal.operations.DefaultBuildOperationRunner] Completing Build operation 'Deleting unused version-specific caches in D:\Server\aethercore\.gradle-user-home\caches'
2026-09-29T10:14:12.956-0500 [DEBUG] [org.gradle.internal.operations.DefaultBuildOperationRunner] Build operation 'Deleting unused version-specific caches in D:\Server\aethercore\.gradle-user-home\caches' completed
2026-09-29T10:14:12.957-0500 [DEBUG] [org.gradle.launcher.daemon.server.Daemon] stop() called on daemon
2026-09-29T10:14:12.957-0500 [INFO] [org.gradle.launcher.daemon.server.Daemon] Stop requested. Daemon is removing its presence from the registry...
2026-09-29T10:14:12.958-0500 [DEBUG] [org.gradle.launcher.daemon.server.DaemonRegistryUpdater] Removing our presence to clients, eg. removing this address from the registry: [5f1a1a18-d283-4373-9f20-85a7f64491dc port:53973, addresses:[localhost/127.0.0.1]]
2026-09-29T10:14:12.958-0500 [DEBUG] [org.gradle.launcher.daemon.registry.PersistentDaemonRegistry] Removing daemon address: [5f1a1a18-d283-4373-9f20-85a7f64491dc port:53973, addresses:[localhost/127.0.0.1]]
2026-09-29T10:14:12.964-0500 [DEBUG] [org.gradle.cache.internal.DefaultFileLockManager] Waiting to acquire exclusive lock on daemon addresses registry.
2026-09-29T10:14:12.965-0500 [DEBUG] [org.gradle.cache.internal.DefaultFileLockManager] Lock acquired on daemon addresses registry.
2026-09-29T10:14:12.967-0500 [DEBUG] [org.gradle.cache.internal.DefaultFileLockManager] Releasing lock on daemon addresses registry.
2026-09-29T10:14:12.968-0500 [DEBUG] [org.gradle.launcher.daemon.server.DaemonRegistryUpdater] Address removed from registry.
2026-09-29T10:14:12.969-0500 [DEBUG] [org.gradle.cache.internal.locklistener.DefaultFileLockContentionHandler] File lock listener thread completed.
2026-09-29T10:14:12.972-0500 [DEBUG] [java.lang.Runtime] Runtime.exit() called with status: 0
java.lang.Throwable: Runtime.exit(0)
	at java.base/java.lang.Shutdown.logRuntimeExit(Shutdown.java:179)
	at java.base/java.lang.Shutdown.exit(Shutdown.java:160)
	at java.base/java.lang.Runtime.exit(Runtime.java:177)
	at java.base/java.lang.System.exit(System.java:1541)
	at org.gradle.launcher.bootstrap.ProcessCompleter.complete(ProcessCompleter.java:21)
	at org.gradle.launcher.bootstrap.EntryPoint.run(EntryPoint.java:62)
	at java.base/jdk.internal.reflect.DirectMethodHandleAccessor.invoke(DirectMethodHandleAccessor.java:104)
	at java.base/java.lang.reflect.Method.invoke(Method.java:565)
	at org.gradle.launcher.bootstrap.ProcessBootstrap.runNoExit(ProcessBootstrap.java:72)
	at org.gradle.launcher.bootstrap.ProcessBootstrap.run(ProcessBootstrap.java:39)
	at org.gradle.launcher.daemon.bootstrap.GradleDaemon.main(GradleDaemon.java:23)
Daemon vm is shutting down... The daemon has exited normally or was terminated in response to a user interrupt.
2026-09-29T10:14:12.974-0500 [DEBUG] [org.gradle.launcher.daemon.registry.PersistentDaemonRegistry] Removing daemon address: [5f1a1a18-d283-4373-9f20-85a7f64491dc port:53973, addresses:[localhost/127.0.0.1]]
2026-09-29T10:14:12.975-0500 [DEBUG] [org.gradle.launcher.daemon.server.Daemon] VM shutdown hook was unable to remove the daemon address from the registry. It will be cleaned up later.
java.lang.IllegalStateException: Cannot start managing file contention because this handler has been closed.
	at org.gradle.cache.internal.locklistener.DefaultFileLockContentionHandler.assertNotStopped(DefaultFileLockContentionHandler.java:267)
	at org.gradle.cache.internal.locklistener.DefaultFileLockContentionHandler.reservePort(DefaultFileLockContentionHandler.java:312)
	at org.gradle.cache.internal.DefaultFileLockManager.lock(DefaultFileLockManager.java:127)
	at org.gradle.cache.internal.DefaultFileLockManager.lock(DefaultFileLockManager.java:109)
	at org.gradle.cache.internal.DefaultFileLockManager.lock(DefaultFileLockManager.java:104)
	at org.gradle.cache.internal.OnDemandFileAccess.updateFile(OnDemandFileAccess.java:51)
	at org.gradle.cache.internal.FileBackedObjectHolder.update(FileBackedObjectHolder.java:77)
	at org.gradle.cache.internal.FileIntegrityViolationSuppressingObjectHolderDecorator.lambda$update$0(FileIntegrityViolationSuppressingObjectHolderDecorator.java:48)
	at org.gradle.cache.internal.FileIntegrityViolationSuppressingObjectHolderDecorator.doUpdate(FileIntegrityViolationSuppressingObjectHolderDecorator.java:58)
	at org.gradle.cache.internal.FileIntegrityViolationSuppressingObjectHolderDecorator.update(FileIntegrityViolationSuppressingObjectHolderDecorator.java:48)
	at org.gradle.launcher.daemon.registry.PersistentDaemonRegistry.remove(PersistentDaemonRegistry.java:133)
	at org.gradle.launcher.daemon.server.Daemon$1.run(Daemon.java:133)
	at java.base/java.lang.Thread.run(Thread.java:1474)
